Archive member included to satisfy reference by file (symbol)

c:/st/stm32cubeide_1.9.0/stm32cubeide/plugins/com.st.stm32cube.ide.mcu.externaltools.gnu-tools-for-stm32.10.3-2021.10.win32_1.0.0.202111181127/tools/bin/../lib/gcc/arm-none-eabi/10.3.1/../../../../arm-none-eabi/lib/thumb/v6-m/nofp\libc_nano.a(lib_a-errno.o)
                              ./Core/Src/syscalls.o (__errno)
c:/st/stm32cubeide_1.9.0/stm32cubeide/plugins/com.st.stm32cube.ide.mcu.externaltools.gnu-tools-for-stm32.10.3-2021.10.win32_1.0.0.202111181127/tools/bin/../lib/gcc/arm-none-eabi/10.3.1/../../../../arm-none-eabi/lib/thumb/v6-m/nofp\libc_nano.a(lib_a-exit.o)
                              c:/st/stm32cubeide_1.9.0/stm32cubeide/plugins/com.st.stm32cube.ide.mcu.externaltools.gnu-tools-for-stm32.10.3-2021.10.win32_1.0.0.202111181127/tools/bin/../lib/gcc/arm-none-eabi/10.3.1/../../../../arm-none-eabi/lib/thumb/v6-m/nofp/crt0.o (exit)
c:/st/stm32cubeide_1.9.0/stm32cubeide/plugins/com.st.stm32cube.ide.mcu.externaltools.gnu-tools-for-stm32.10.3-2021.10.win32_1.0.0.202111181127/tools/bin/../lib/gcc/arm-none-eabi/10.3.1/../../../../arm-none-eabi/lib/thumb/v6-m/nofp\libc_nano.a(lib_a-impure.o)
                              c:/st/stm32cubeide_1.9.0/stm32cubeide/plugins/com.st.stm32cube.ide.mcu.externaltools.gnu-tools-for-stm32.10.3-2021.10.win32_1.0.0.202111181127/tools/bin/../lib/gcc/arm-none-eabi/10.3.1/../../../../arm-none-eabi/lib/thumb/v6-m/nofp\libc_nano.a(lib_a-exit.o) (_global_impure_ptr)
c:/st/stm32cubeide_1.9.0/stm32cubeide/plugins/com.st.stm32cube.ide.mcu.externaltools.gnu-tools-for-stm32.10.3-2021.10.win32_1.0.0.202111181127/tools/bin/../lib/gcc/arm-none-eabi/10.3.1/../../../../arm-none-eabi/lib/thumb/v6-m/nofp\libc_nano.a(lib_a-init.o)
                              c:/st/stm32cubeide_1.9.0/stm32cubeide/plugins/com.st.stm32cube.ide.mcu.externaltools.gnu-tools-for-stm32.10.3-2021.10.win32_1.0.0.202111181127/tools/bin/../lib/gcc/arm-none-eabi/10.3.1/../../../../arm-none-eabi/lib/thumb/v6-m/nofp/crt0.o (__libc_init_array)
c:/st/stm32cubeide_1.9.0/stm32cubeide/plugins/com.st.stm32cube.ide.mcu.externaltools.gnu-tools-for-stm32.10.3-2021.10.win32_1.0.0.202111181127/tools/bin/../lib/gcc/arm-none-eabi/10.3.1/../../../../arm-none-eabi/lib/thumb/v6-m/nofp\libc_nano.a(lib_a-memset.o)
                              c:/st/stm32cubeide_1.9.0/stm32cubeide/plugins/com.st.stm32cube.ide.mcu.externaltools.gnu-tools-for-stm32.10.3-2021.10.win32_1.0.0.202111181127/tools/bin/../lib/gcc/arm-none-eabi/10.3.1/../../../../arm-none-eabi/lib/thumb/v6-m/nofp/crt0.o (memset)
c:/st/stm32cubeide_1.9.0/stm32cubeide/plugins/com.st.stm32cube.ide.mcu.externaltools.gnu-tools-for-stm32.10.3-2021.10.win32_1.0.0.202111181127/tools/bin/../lib/gcc/arm-none-eabi/10.3.1/thumb/v6-m/nofp\libgcc.a(_udivsi3.o)
                              ./Common/System/system_stm32wlxx.o (__aeabi_uidiv)
c:/st/stm32cubeide_1.9.0/stm32cubeide/plugins/com.st.stm32cube.ide.mcu.externaltools.gnu-tools-for-stm32.10.3-2021.10.win32_1.0.0.202111181127/tools/bin/../lib/gcc/arm-none-eabi/10.3.1/thumb/v6-m/nofp\libgcc.a(_dvmd_tls.o)
                              c:/st/stm32cubeide_1.9.0/stm32cubeide/plugins/com.st.stm32cube.ide.mcu.externaltools.gnu-tools-for-stm32.10.3-2021.10.win32_1.0.0.202111181127/tools/bin/../lib/gcc/arm-none-eabi/10.3.1/thumb/v6-m/nofp\libgcc.a(_udivsi3.o) (__aeabi_idiv0)

Discarded input sections

 .text          0x0000000000000000        0x0 c:/st/stm32cubeide_1.9.0/stm32cubeide/plugins/com.st.stm32cube.ide.mcu.externaltools.gnu-tools-for-stm32.10.3-2021.10.win32_1.0.0.202111181127/tools/bin/../lib/gcc/arm-none-eabi/10.3.1/thumb/v6-m/nofp/crti.o
 .data          0x0000000000000000        0x0 c:/st/stm32cubeide_1.9.0/stm32cubeide/plugins/com.st.stm32cube.ide.mcu.externaltools.gnu-tools-for-stm32.10.3-2021.10.win32_1.0.0.202111181127/tools/bin/../lib/gcc/arm-none-eabi/10.3.1/thumb/v6-m/nofp/crti.o
 .bss           0x0000000000000000        0x0 c:/st/stm32cubeide_1.9.0/stm32cubeide/plugins/com.st.stm32cube.ide.mcu.externaltools.gnu-tools-for-stm32.10.3-2021.10.win32_1.0.0.202111181127/tools/bin/../lib/gcc/arm-none-eabi/10.3.1/thumb/v6-m/nofp/crti.o
 .data          0x0000000000000000        0x4 c:/st/stm32cubeide_1.9.0/stm32cubeide/plugins/com.st.stm32cube.ide.mcu.externaltools.gnu-tools-for-stm32.10.3-2021.10.win32_1.0.0.202111181127/tools/bin/../lib/gcc/arm-none-eabi/10.3.1/thumb/v6-m/nofp/crtbegin.o
 .rodata        0x0000000000000000       0x24 c:/st/stm32cubeide_1.9.0/stm32cubeide/plugins/com.st.stm32cube.ide.mcu.externaltools.gnu-tools-for-stm32.10.3-2021.10.win32_1.0.0.202111181127/tools/bin/../lib/gcc/arm-none-eabi/10.3.1/thumb/v6-m/nofp/crtbegin.o
 .text          0x0000000000000000       0x80 c:/st/stm32cubeide_1.9.0/stm32cubeide/plugins/com.st.stm32cube.ide.mcu.externaltools.gnu-tools-for-stm32.10.3-2021.10.win32_1.0.0.202111181127/tools/bin/../lib/gcc/arm-none-eabi/10.3.1/../../../../arm-none-eabi/lib/thumb/v6-m/nofp/crt0.o
[...]
Memory Configuration

Name             Origin             Length             Attributes
RAM              0x0000000020008000 0x0000000000008000 xrw
FLASH            0x0000000008020000 0x0000000000020000 xr
*default*        0x0000000000000000 0xffffffffffffffff

Linker script and memory map

LOAD c:/st/stm32cubeide_1.9.0/stm32cubeide/plugins/com.st.stm32cube.ide.mcu.externaltools.gnu-tools-for-stm32.10.3-2021.10.win32_1.0.0.202111181127/tools/bin/../lib/gcc/arm-none-eabi/10.3.1/thumb/v6-m/nofp/crti.o
LOAD c:/st/stm32cubeide_1.9.0/stm32cubeide/plugins/com.st.stm32cube.ide.mcu.externaltools.gnu-tools-for-stm32.10.3-2021.10.win32_1.0.0.202111181127/tools/bin/../lib/gcc/arm-none-eabi/10.3.1/thumb/v6-m/nofp/crtbegin.o
LOAD c:/st/stm32cubeide_1.9.0/stm32cubeide/plugins/com.st.stm32cube.ide.mcu.externaltools.gnu-tools-for-stm32.10.3-2021.10.win32_1.0.0.202111181127/tools/bin/../lib/gcc/arm-none-eabi/10.3.1/../../../../arm-none-eabi/lib/thumb/v6-m/nofp/crt0.o
LOAD ./Common/System/system_stm32wlxx.o
LOAD ./Core/Src/main.o
LOAD ./Core/Src/stm32wlxx_hal_msp.o
LOAD ./Core/Src/stm32wlxx_it.o
LOAD ./Core/Src/syscalls.o
LOAD ./Core/Src/sysmem.o
LOAD ./Core/Startup/startup_stm32wl55jcix.o
LOAD ./Drivers/STM32WLxx_HAL_Driver/stm32wlxx_hal.o
LOAD ./Drivers/STM32WLxx_HAL_Driver/stm32wlxx_hal_cortex.o
LOAD ./Drivers/STM32WLxx_HAL_Driver/stm32wlxx_hal_dma.o
LOAD ./Drivers/STM32WLxx_HAL_Driver/stm32wlxx_hal_dma_ex.o
LOAD ./Drivers/STM32WLxx_HAL_Driver/stm32wlxx_hal_exti.o
LOAD ./Drivers/STM32WLxx_HAL_Driver/stm32wlxx_hal_flash.o
LOAD ./Drivers/STM32WLxx_HAL_Driver/stm32wlxx_hal_flash_ex.o
LOAD ./Drivers/STM32WLxx_HAL_Driver/stm32wlxx_hal_gpio.o
LOAD ./Drivers/STM32WLxx_HAL_Driver/stm32wlxx_hal_pwr.o
LOAD ./Drivers/STM32WLxx_HAL_Driver/stm32wlxx_hal_pwr_ex.o
LOAD ./Drivers/STM32WLxx_HAL_Driver/stm32wlxx_hal_rcc.o
LOAD ./Drivers/STM32WLxx_HAL_Driver/stm32wlxx_hal_rcc_ex.o
LOAD ./Drivers/STM32WLxx_HAL_Driver/stm32wlxx_hal_tim.o
LOAD ./Drivers/STM32WLxx_HAL_Driver/stm32wlxx_hal_tim_ex.o
START GROUP
LOAD c:/st/stm32cubeide_1.9.0/stm32cubeide/plugins/com.st.stm32cube.ide.mcu.externaltools.gnu-tools-for-stm32.10.3-2021.10.win32_1.0.0.202111181127/tools/bin/../lib/gcc/arm-none-eabi/10.3.1/../../../../arm-none-eabi/lib/thumb/v6-m/nofp\libc_nano.a
LOAD c:/st/stm32cubeide_1.9.0/stm32cubeide/plugins/com.st.stm32cube.ide.mcu.externaltools.gnu-tools-for-stm32.10.3-2021.10.win32_1.0.0.202111181127/tools/bin/../lib/gcc/arm-none-eabi/10.3.1/../../../../arm-none-eabi/lib/thumb/v6-m/nofp\libm.a
END GROUP
START GROUP
LOAD c:/st/stm32cubeide_1.9.0/stm32cubeide/plugins/com.st.stm32cube.ide.mcu.externaltools.gnu-tools-for-stm32.10.3-2021.10.win32_1.0.0.202111181127/tools/bin/../lib/gcc/arm-none-eabi/10.3.1/thumb/v6-m/nofp\libgcc.a
LOAD c:/st/stm32cubeide_1.9.0/stm32cubeide/plugins/com.st.stm32cube.ide.mcu.externaltools.gnu-tools-for-stm32.10.3-2021.10.win32_1.0.0.202111181127/tools/bin/../lib/gcc/arm-none-eabi/10.3.1/../../../../arm-none-eabi/lib/thumb/v6-m/nofp\libc_nano.a
END GROUP
START GROUP
LOAD c:/st/stm32cubeide_1.9.0/stm32cubeide/plugins/com.st.stm32cube.ide.mcu.externaltools.gnu-tools-for-stm32.10.3-2021.10.win32_1.0.0.202111181127/tools/bin/../lib/gcc/arm-none-eabi/10.3.1/thumb/v6-m/nofp\libgcc.a
LOAD c:/st/stm32cubeide_1.9.0/stm32cubeide/plugins/com.st.stm32cube.ide.mcu.externaltools.gnu-tools-for-stm32.10.3-2021.10.win32_1.0.0.202111181127/tools/bin/../lib/gcc/arm-none-eabi/10.3.1/../../../../arm-none-eabi/lib/thumb/v6-m/nofp\libc_nano.a
LOAD c:/st/stm32cubeide_1.9.0/stm32cubeide/plugins/com.st.stm32cube.ide.mcu.externaltools.gnu-tools-for-stm32.10.3-2021.10.win32_1.0.0.202111181127/tools/bin/../lib/gcc/arm-none-eabi/10.3.1/../../../../arm-none-eabi/lib/thumb/v6-m/nofp\libnosys.a
END GROUP
START GROUP
LOAD c:/st/stm32cubeide_1.9.0/stm32cubeide/plugins/com.st.stm32cube.ide.mcu.externaltools.gnu-tools-for-stm32.10.3-2021.10.win32_1.0.0.202111181127/tools/bin/../lib/gcc/arm-none-eabi/10.3.1/thumb/v6-m/nofp\libgcc.a
LOAD c:/st/stm32cubeide_1.9.0/stm32cubeide/plugins/com.st.stm32cube.ide.mcu.externaltools.gnu-tools-for-stm32.10.3-2021.10.win32_1.0.0.202111181127/tools/bin/../lib/gcc/arm-none-eabi/10.3.1/../../../../arm-none-eabi/lib/thumb/v6-m/nofp\libc_nano.a
LOAD c:/st/stm32cubeide_1.9.0/stm32cubeide/plugins/com.st.stm32cube.ide.mcu.externaltools.gnu-tools-for-stm32.10.3-2021.10.win32_1.0.0.202111181127/tools/bin/../lib/gcc/arm-none-eabi/10.3.1/../../../../arm-none-eabi/lib/thumb/v6-m/nofp\libnosys.a
END GROUP
LOAD c:/st/stm32cubeide_1.9.0/stm32cubeide/plugins/com.st.stm32cube.ide.mcu.externaltools.gnu-tools-for-stm32.10.3-2021.10.win32_1.0.0.202111181127/tools/bin/../lib/gcc/arm-none-eabi/10.3.1/thumb/v6-m/nofp/crtend.o
LOAD c:/st/stm32cubeide_1.9.0/stm32cubeide/plugins/com.st.stm32cube.ide.mcu.externaltools.gnu-tools-for-stm32.10.3-2021.10.win32_1.0.0.202111181127/tools/bin/../lib/gcc/arm-none-eabi/10.3.1/thumb/v6-m/nofp/crtn.o
                0x0000000020010000                _estack = (ORIGIN (RAM) + LENGTH (RAM))
                0x0000000000000200                _Min_Heap_Size = 0x200
                0x0000000000000400                _Min_Stack_Size = 0x400

.isr_vector     0x0000000008020000       0xc0
                0x0000000008020000                . = ALIGN (0x4)
 *(.isr_vector)
 .isr_vector    0x0000000008020000       0xc0 ./Core/Startup/startup_stm32wl55jcix.o
                0x0000000008020000                g_pfnVectors
                0x00000000080200c0                . = ALIGN (0x4)

.text           0x00000000080200c0      0x728
                0x00000000080200c0                . = ALIGN (0x4)
 *(.text)
 .text          0x00000000080200c0       0x48 c:/st/stm32cubeide_1.9.0/stm32cubeide/plugins/com.st.stm32cube.ide.mcu.externaltools.gnu-tools-for-stm32.10.3-2021.10.win32_1.0.0.202111181127/tools/bin/../lib/gcc/arm-none-eabi/10.3.1/thumb/v6-m/nofp/crtbegin.o
 .text          0x0000000008020108      0x114 c:/st/stm32cubeide_1.9.0/stm32cubeide/plugins/com.st.stm32cube.ide.mcu.externaltools.gnu-tools-for-stm32.10.3-2021.10.win32_1.0.0.202111181127/tools/bin/../lib/gcc/arm-none-eabi/10.3.1/thumb/v6-m/nofp\libgcc.a(_udivsi3.o)
                0x0000000008020108                __aeabi_uidiv
                0x0000000008020108                __udivsi3
                0x0000000008020214                __aeabi_uidivmod
 .text          0x000000000802021c        0x4 c:/st/stm32cubeide_1.9.0/stm32cubeide/plugins/com.st.stm32cube.ide.mcu.externaltools.gnu-tools-for-stm32.10.3-2021.10.win32_1.0.0.202111181127/tools/bin/../lib/gcc/arm-none-eabi/10.3.1/thumb/v6-m/nofp\libgcc.a(_dvmd_tls.o)
                0x000000000802021c                __aeabi_idiv0
                0x000000000802021c                __aeabi_ldiv0
 *(.text*)
 .text.SystemInit
                0x0000000008020220        0xa ./Common/System/system_stm32wlxx.o
                0x0000000008020220                SystemInit
 .text.main     0x000000000802022a        0xa ./Core/Src/main.o
                0x000000000802022a                main
 .text.HAL_MspInit
                0x0000000008020234        0xa ./Core/Src/stm32wlxx_hal_msp.o
                0x0000000008020234                HAL_MspInit
 .text.NMI_Handler
                0x000000000802023e        0x6 ./Core/Src/stm32wlxx_it.o
                0x000000000802023e                NMI_Handler
 .text.HardFault_Handler
                0x0000000008020244        0x6 ./Core/Src/stm32wlxx_it.o
                0x0000000008020244                HardFault_Handler
 .text.SVC_Handler
                0x000000000802024a        0xa ./Core/Src/stm32wlxx_it.o
                0x000000000802024a                SVC_Handler
 .text.PendSV_Handler
                0x0000000008020254        0xa ./Core/Src/stm32wlxx_it.o
                0x0000000008020254                PendSV_Handler
 .text.SysTick_Handler
                0x000000000802025e        0xe ./Core/Src/stm32wlxx_it.o
                0x000000000802025e                SysTick_Handler
 .text.Reset_Handler
                0x000000000802026c       0x50 ./Core/Startup/startup_stm32wl55jcix.o
                0x000000000802026c                Reset_Handler
 .text.Default_Handler
                0x00000000080202bc        0x2 ./Core/Startup/startup_stm32wl55jcix.o
                0x00000000080202bc                I2C1_IRQHandler
                0x00000000080202bc                LPTIM2_IRQHandler
                0x00000000080202bc                LPTIM3_IRQHandler
                0x00000000080202bc                AES_PKA_IRQHandler
                0x00000000080202bc                SPI1_IRQHandler
                0x00000000080202bc                ADC_COMP_DAC_IRQHandler
                0x00000000080202bc                I2C2_IRQHandler
                0x00000000080202bc                TIM17_IRQHandler
                0x00000000080202bc                EXTI15_4_IRQHandler
                0x00000000080202bc                RCC_FLASH_C1SEV_IRQHandler
                0x00000000080202bc                SUBGHZSPI_IRQHandler
                0x00000000080202bc                DMA1_Channel4_5_6_7_IRQHandler
                0x00000000080202bc                SUBGHZ_Radio_IRQHandler
                0x00000000080202bc                EXTI1_0_IRQHandler
                0x00000000080202bc                TIM16_IRQHandler
                0x00000000080202bc                Default_Handler
                0x00000000080202bc                TIM1_IRQHandler
                0x00000000080202bc                IPCC_C2_RX_C2_TX_IRQHandler
                0x00000000080202bc                RTC_LSECSS_IRQHandler
                0x00000000080202bc                I2C3_IRQHandler
                0x00000000080202bc                PVD_PVM_IRQHandler
                0x00000000080202bc                SPI2_IRQHandler
                0x00000000080202bc                DMA2_DMAMUX1_OVR_IRQHandler
                0x00000000080202bc                EXTI3_2_IRQHandler
                0x00000000080202bc                RNG_IRQHandler
                0x00000000080202bc                HSEM_IRQHandler
                0x00000000080202bc                LPUART1_IRQHandler
                0x00000000080202bc                TIM2_IRQHandler
                0x00000000080202bc                TZIC_ILA_IRQHandler
                0x00000000080202bc                USART2_IRQHandler
                0x00000000080202bc                USART1_IRQHandler
                0x00000000080202bc                DMA1_Channel1_2_3_IRQHandler
                0x00000000080202bc                LPTIM1_IRQHandler
 *fill*         0x00000000080202be        0x2 
 .text.HAL_Init
                0x00000000080202c0       0x3c ./Drivers/STM32WLxx_HAL_Driver/stm32wlxx_hal.o
                0x00000000080202c0                HAL_Init
 .text.HAL_InitTick
                0x00000000080202fc       0x90 ./Drivers/STM32WLxx_HAL_Driver/stm32wlxx_hal.o
                0x00000000080202fc                HAL_InitTick
 .text.HAL_IncTick
                0x000000000802038c       0x24 ./Drivers/STM32WLxx_HAL_Driver/stm32wlxx_hal.o
                0x000000000802038c                HAL_IncTick
 .text.__NVIC_SetPriority
                0x00000000080203b0       0xdc ./Drivers/STM32WLxx_HAL_Driver/stm32wlxx_hal_cortex.o
 .text.SysTick_Config
                0x000000000802048c       0x48 ./Drivers/STM32WLxx_HAL_Driver/stm32wlxx_hal_cortex.o
 .text.HAL_NVIC_SetPriority
                0x00000000080204d4       0x2a ./Drivers/STM32WLxx_HAL_Driver/stm32wlxx_hal_cortex.o
                0x00000000080204d4                HAL_NVIC_SetPriority
 .text.HAL_SYSTICK_Config
                0x00000000080204fe       0x1a ./Drivers/STM32WLxx_HAL_Driver/stm32wlxx_hal_cortex.o
                0x00000000080204fe                HAL_SYSTICK_Config
 .text.LL_RCC_HSE_IsEnabledDiv2
                0x0000000008020518       0x24 ./Drivers/STM32WLxx_HAL_Driver/stm32wlxx_hal_rcc.o
 .text.LL_RCC_MSI_IsEnabledRangeSelect
                0x000000000802053c       0x1e ./Drivers/STM32WLxx_HAL_Driver/stm32wlxx_hal_rcc.o
 .text.LL_RCC_MSI_GetRange
                0x000000000802055a       0x14 ./Drivers/STM32WLxx_HAL_Driver/stm32wlxx_hal_rcc.o
 .text.LL_RCC_MSI_GetRangeAfterStandby
                0x000000000802056e       0x18 ./Drivers/STM32WLxx_HAL_Driver/stm32wlxx_hal_rcc.o
 .text.LL_RCC_GetSysClkSource
                0x0000000008020586       0x14 ./Drivers/STM32WLxx_HAL_Driver/stm32wlxx_hal_rcc.o
 .text.LL_C2_RCC_GetAHBPrescaler
                0x000000000802059a       0x18 ./Drivers/STM32WLxx_HAL_Driver/stm32wlxx_hal_rcc.o
 .text.LL_RCC_PLL_GetN
                0x00000000080205b2       0x16 ./Drivers/STM32WLxx_HAL_Driver/stm32wlxx_hal_rcc.o
 .text.LL_RCC_PLL_GetR
                0x00000000080205c8       0x14 ./Drivers/STM32WLxx_HAL_Driver/stm32wlxx_hal_rcc.o
 .text.LL_RCC_PLL_GetDivider
                0x00000000080205dc       0x14 ./Drivers/STM32WLxx_HAL_Driver/stm32wlxx_hal_rcc.o
 .text.LL_RCC_PLL_GetMainSource
                0x00000000080205f0       0x14 ./Drivers/STM32WLxx_HAL_Driver/stm32wlxx_hal_rcc.o
 .text.HAL_RCC_GetSysClockFreq
                0x0000000008020604      0x154 ./Drivers/STM32WLxx_HAL_Driver/stm32wlxx_hal_rcc.o
                0x0000000008020604                HAL_RCC_GetSysClockFreq
 .text.HAL_RCC_GetHCLK2Freq
                0x0000000008020758       0x30 ./Drivers/STM32WLxx_HAL_Driver/stm32wlxx_hal_rcc.o
                0x0000000008020758                HAL_RCC_GetHCLK2Freq
 .text.__libc_init_array
                0x0000000008020788       0x48 c:/st/stm32cubeide_1.9.0/stm32cubeide/plugins/com.st.stm32cube.ide.mcu.externaltools.gnu-tools-for-stm32.10.3-2021.10.win32_1.0.0.202111181127/tools/bin/../lib/gcc/arm-none-eabi/10.3.1/../../../../arm-none-eabi/lib/thumb/v6-m/nofp\libc_nano.a(lib_a-init.o)
                0x0000000008020788                __libc_init_array
 *(.glue_7)
 .glue_7        0x00000000080207d0        0x0 linker stubs
 *(.glue_7t)
 .glue_7t       0x00000000080207d0        0x0 linker stubs
 *(.eh_frame)
 .eh_frame      0x00000000080207d0        0x0 c:/st/stm32cubeide_1.9.0/stm32cubeide/plugins/com.st.stm32cube.ide.mcu.externaltools.gnu-tools-for-stm32.10.3-2021.10.win32_1.0.0.202111181127/tools/bin/../lib/gcc/arm-none-eabi/10.3.1/thumb/v6-m/nofp/crtbegin.o
 *(.init)
 .init          0x00000000080207d0        0x4 c:/st/stm32cubeide_1.9.0/stm32cubeide/plugins/com.st.stm32cube.ide.mcu.externaltools.gnu-tools-for-stm32.10.3-2021.10.win32_1.0.0.202111181127/tools/bin/../lib/gcc/arm-none-eabi/10.3.1/thumb/v6-m/nofp/crti.o
                0x00000000080207d0                _init
 .init          0x00000000080207d4        0x8 c:/st/stm32cubeide_1.9.0/stm32cubeide/plugins/com.st.stm32cube.ide.mcu.externaltools.gnu-tools-for-stm32.10.3-2021.10.win32_1.0.0.202111181127/tools/bin/../lib/gcc/arm-none-eabi/10.3.1/thumb/v6-m/nofp/crtn.o
 *(.fini)
 .fini          0x00000000080207dc        0x4 c:/st/stm32cubeide_1.9.0/stm32cubeide/plugins/com.st.stm32cube.ide.mcu.externaltools.gnu-tools-for-stm32.10.3-2021.10.win32_1.0.0.202111181127/tools/bin/../lib/gcc/arm-none-eabi/10.3.1/thumb/v6-m/nofp/crti.o
                0x00000000080207dc                _fini
 .fini          0x00000000080207e0        0x8 c:/st/stm32cubeide_1.9.0/stm32cubeide/plugins/com.st.stm32cube.ide.mcu.externaltools.gnu-tools-for-stm32.10.3-2021.10.win32_1.0.0.202111181127/tools/bin/../lib/gcc/arm-none-eabi/10.3.1/thumb/v6-m/nofp/crtn.o
                0x00000000080207e8                . = ALIGN (0x4)
                0x00000000080207e8                _etext = .

.vfp11_veneer   0x00000000080207e8        0x0
 .vfp11_veneer  0x00000000080207e8        0x0 linker stubs

.v4_bx          0x00000000080207e8        0x0
 .v4_bx         0x00000000080207e8        0x0 linker stubs

.iplt           0x00000000080207e8        0x0
 .iplt          0x00000000080207e8        0x0 c:/st/stm32cubeide_1.9.0/stm32cubeide/plugins/com.st.stm32cube.ide.mcu.externaltools.gnu-tools-for-stm32.10.3-2021.10.win32_1.0.0.202111181127/tools/bin/../lib/gcc/arm-none-eabi/10.3.1/thumb/v6-m/nofp/crtbegin.o

.rodata         0x00000000080207e8       0x80
                0x00000000080207e8                . = ALIGN (0x4)
 *(.rodata)
 *(.rodata*)
 .rodata.AHBPrescTable
                0x00000000080207e8       0x40 ./Common/System/system_stm32wlxx.o
                0x00000000080207e8                AHBPrescTable
 .rodata.MSIRangeTable
                0x0000000008020828       0x40 ./Common/System/system_stm32wlxx.o
                0x0000000008020828                MSIRangeTable
                0x0000000008020868                . = ALIGN (0x4)

.rel.dyn        0x0000000008020868        0x0
 .rel.iplt      0x0000000008020868        0x0 c:/st/stm32cubeide_1.9.0/stm32cubeide/plugins/com.st.stm32cube.ide.mcu.externaltools.gnu-tools-for-stm32.10.3-2021.10.win32_1.0.0.202111181127/tools/bin/../lib/gcc/arm-none-eabi/10.3.1/thumb/v6-m/nofp/crtbegin.o

.ARM.extab      0x0000000008020868        0x0
                0x0000000008020868                . = ALIGN (0x4)
 *(.ARM.extab* .gnu.linkonce.armextab.*)
                0x0000000008020868                . = ALIGN (0x4)

.ARM            0x0000000008020868        0x0
                0x0000000008020868                . = ALIGN (0x4)
                0x0000000008020868                __exidx_start = .
 *(.ARM.exidx*)
                0x0000000008020868                __exidx_end = .
                0x0000000008020868                . = ALIGN (0x4)

.preinit_array  0x0000000008020868        0x0
                0x0000000008020868                . = ALIGN (0x4)
                0x0000000008020868                PROVIDE (__preinit_array_start = .)
 *(.preinit_array*)
                0x0000000008020868                PROVIDE (__preinit_array_end = .)
                0x0000000008020868                . = ALIGN (0x4)

.init_array     0x0000000008020868        0x4
                0x0000000008020868                . = ALIGN (0x4)
                0x0000000008020868                PROVIDE (__init_array_start = .)
 *(SORT_BY_NAME(.init_array.*))
 *(.init_array*)
 .init_array    0x0000000008020868        0x4 c:/st/stm32cubeide_1.9.0/stm32cubeide/plugins/com.st.stm32cube.ide.mcu.externaltools.gnu-tools-for-stm32.10.3-2021.10.win32_1.0.0.202111181127/tools/bin/../lib/gcc/arm-none-eabi/10.3.1/thumb/v6-m/nofp/crtbegin.o
                0x000000000802086c                PROVIDE (__init_array_end = .)
                0x000000000802086c                . = ALIGN (0x4)

.fini_array     0x000000000802086c        0x4
                0x000000000802086c                . = ALIGN (0x4)
                [!provide]                        PROVIDE (__fini_array_start = .)
 *(SORT_BY_NAME(.fini_array.*))
 *(.fini_array*)
 .fini_array    0x000000000802086c        0x4 c:/st/stm32cubeide_1.9.0/stm32cubeide/plugins/com.st.stm32cube.ide.mcu.externaltools.gnu-tools-for-stm32.10.3-2021.10.win32_1.0.0.202111181127/tools/bin/../lib/gcc/arm-none-eabi/10.3.1/thumb/v6-m/nofp/crtbegin.o
                [!provide]                        PROVIDE (__fini_array_end = .)
                0x0000000008020870                . = ALIGN (0x4)
                0x0000000008020870                _sidata = LOADADDR (.data)

.data           0x0000000020008000        0xc load address 0x0000000008020870
                0x0000000020008000                . = ALIGN (0x4)
                0x0000000020008000                _sdata = .
 *(.data)
 *(.data*)
 .data.SystemCoreClock
                0x0000000020008000        0x4 ./Common/System/system_stm32wlxx.o
                0x0000000020008000                SystemCoreClock
 .data.uwTickPrio
                0x0000000020008004        0x4 ./Drivers/STM32WLxx_HAL_Driver/stm32wlxx_hal.o
                0x0000000020008004                uwTickPrio
 .data.uwTickFreq
                0x0000000020008008        0x1 ./Drivers/STM32WLxx_HAL_Driver/stm32wlxx_hal.o
                0x0000000020008008                uwTickFreq
 *(.RamFunc)
 *(.RamFunc*)
                0x000000002000800c                . = ALIGN (0x4)
 *fill*         0x0000000020008009        0x3 
                0x000000002000800c                _edata = .

.igot.plt       0x000000002000800c        0x0 load address 0x000000000802087c
 .igot.plt      0x000000002000800c        0x0 c:/st/stm32cubeide_1.9.0/stm32cubeide/plugins/com.st.stm32cube.ide.mcu.externaltools.gnu-tools-for-stm32.10.3-2021.10.win32_1.0.0.202111181127/tools/bin/../lib/gcc/arm-none-eabi/10.3.1/thumb/v6-m/nofp/crtbegin.o
                0x000000002000800c                . = ALIGN (0x4)

.bss            0x000000002000800c       0x20 load address 0x000000000802087c
                0x000000002000800c                _sbss = .
                0x000000002000800c                __bss_start__ = _sbss
 *(.bss)
 .bss           0x000000002000800c       0x1c c:/st/stm32cubeide_1.9.0/stm32cubeide/plugins/com.st.stm32cube.ide.mcu.externaltools.gnu-tools-for-stm32.10.3-2021.10.win32_1.0.0.202111181127/tools/bin/../lib/gcc/arm-none-eabi/10.3.1/thumb/v6-m/nofp/crtbegin.o
 *(.bss*)
 .bss.uwTick    0x0000000020008028        0x4 ./Drivers/STM32WLxx_HAL_Driver/stm32wlxx_hal.o
                0x0000000020008028                uwTick
 *(COMMON)
                0x000000002000802c                . = ALIGN (0x4)
                0x000000002000802c                _ebss = .
                0x000000002000802c                __bss_end__ = _ebss

._user_heap_stack
                0x000000002000802c      0x604 load address 0x000000000802087c
                0x0000000020008030                . = ALIGN (0x8)
 *fill*         0x000000002000802c        0x4 
                [!provide]                        PROVIDE (end = .)
                0x0000000020008030                PROVIDE (_end = .)
                0x0000000020008230                . = (. + _Min_Heap_Size)
 *fill*         0x0000000020008030      0x200 
                0x0000000020008630                . = (. + _Min_Stack_Size)
 *fill*         0x0000000020008230      0x400 
                0x0000000020008630                . = ALIGN (0x8)

/DISCARD/
 libc.a(*)
 libm.a(*)
 libgcc.a(*)

.ARM.attributes
                0x0000000000000000       0x28
 *(.ARM.attributes)
 .ARM.attributes
                0x0000000000000000       0x1e c:/st/stm32cubeide_1.9.0/stm32cubeide/plugins/com.st.stm32cube.ide.mcu.externaltools.gnu-tools-for-stm32.10.3-2021.10.win32_1.0.0.202111181127/tools/bin/../lib/gcc/arm-none-eabi/10.3.1/thumb/v6-m/nofp/crti.o
 .ARM.attributes
                0x000000000000001e       0x2c c:/st/stm32cubeide_1.9.0/stm32cubeide/plugins/com.st.stm32cube.ide.mcu.externaltools.gnu-tools-for-stm32.10.3-2021.10.win32_1.0.0.202111181127/tools/bin/../lib/gcc/arm-none-eabi/10.3.1/thumb/v6-m/nofp/crtbegin.o
 .ARM.attributes
                0x000000000000004a       0x2c ./Common/System/system_stm32wlxx.o
 .ARM.attributes
                0x0000000000000076       0x2c ./Core/Src/main.o
 .ARM.attributes
                0x00000000000000a2       0x2c ./Core/Src/stm32wlxx_hal_msp.o
 .ARM.attributes
                0x00000000000000ce       0x2c ./Core/Src/stm32wlxx_it.o
 .ARM.attributes
                0x00000000000000fa       0x22 ./Core/Startup/startup_stm32wl55jcix.o
 .ARM.attributes
                0x000000000000011c       0x2c ./Drivers/STM32WLxx_HAL_Driver/stm32wlxx_hal.o
 .ARM.attributes
                0x0000000000000148       0x2c ./Drivers/STM32WLxx_HAL_Driver/stm32wlxx_hal_cortex.o
 .ARM.attributes
                0x0000000000000174       0x2c ./Drivers/STM32WLxx_HAL_Driver/stm32wlxx_hal_rcc.o
 .ARM.attributes
                0x00000000000001a0       0x2c c:/st/stm32cubeide_1.9.0/stm32cubeide/plugins/com.st.stm32cube.ide.mcu.externaltools.gnu-tools-for-stm32.10.3-2021.10.win32_1.0.0.202111181127/tools/bin/../lib/gcc/arm-none-eabi/10.3.1/../../../../arm-none-eabi/lib/thumb/v6-m/nofp\libc_nano.a(lib_a-init.o)
 .ARM.attributes
                0x00000000000001cc       0x1e c:/st/stm32cubeide_1.9.0/stm32cubeide/plugins/com.st.stm32cube.ide.mcu.externaltools.gnu-tools-for-stm32.10.3-2021.10.win32_1.0.0.202111181127/tools/bin/../lib/gcc/arm-none-eabi/10.3.1/thumb/v6-m/nofp\libgcc.a(_udivsi3.o)
 .ARM.attributes
                0x00000000000001ea       0x1e c:/st/stm32cubeide_1.9.0/stm32cubeide/plugins/com.st.stm32cube.ide.mcu.externaltools.gnu-tools-for-stm32.10.3-2021.10.win32_1.0.0.202111181127/tools/bin/../lib/gcc/arm-none-eabi/10.3.1/thumb/v6-m/nofp\libgcc.a(_dvmd_tls.o)
 .ARM.attributes
                0x0000000000000208       0x1e c:/st/stm32cubeide_1.9.0/stm32cubeide/plugins/com.st.stm32cube.ide.mcu.externaltools.gnu-tools-for-stm32.10.3-2021.10.win32_1.0.0.202111181127/tools/bin/../lib/gcc/arm-none-eabi/10.3.1/thumb/v6-m/nofp/crtn.o
OUTPUT(Weather-Station_CM0PLUS.elf elf32-littlearm)
LOAD linker stubs
LOAD c:/st/stm32cubeide_1.9.0/stm32cubeide/plugins/com.st.stm32cube.ide.mcu.externaltools.gnu-tools-for-stm32.10.3-2021.10.win32_1.0.0.202111181127/tools/bin/../lib/gcc/arm-none-eabi/10.3.1/../../../../arm-none-eabi/lib/thumb/v6-m/nofp\libc.a
LOAD c:/st/stm32cubeide_1.9.0/stm32cubeide/plugins/com.st.stm32cube.ide.mcu.externaltools.gnu-tools-for-stm32.10.3-2021.10.win32_1.0.0.202111181127/tools/bin/../lib/gcc/arm-none-eabi/10.3.1/../../../../arm-none-eabi/lib/thumb/v6-m/nofp\libm.a
LOAD c:/st/stm32cubeide_1.9.0/stm32cubeide/plugins/com.st.stm32cube.ide.mcu.externaltools.gnu-tools-for-stm32.10.3-2021.10.win32_1.0.0.202111181127/tools/bin/../lib/gcc/arm-none-eabi/10.3.1/thumb/v6-m/nofp\libgcc.a

.debug_info     0x0000000000000000     0x35db
 .debug_info    0x0000000000000000      0x566 ./Common/System/system_stm32wlxx.o
 .debug_info    0x0000000000000566      0x141 ./Core/Src/main.o
 .debug_info    0x00000000000006a7       0xcd ./Core/Src/stm32wlxx_hal_msp.o
 .debug_info    0x0000000000000774      0x11e ./Core/Src/stm32wlxx_it.o
 .debug_info    0x0000000000000892       0x22 ./Core/Startup/startup_stm32wl55jcix.o
 .debug_info    0x00000000000008b4      0xf45 ./Drivers/STM32WLxx_HAL_Driver/stm32wlxx_hal.o
 .debug_info    0x00000000000017f9      0x91c ./Drivers/STM32WLxx_HAL_Driver/stm32wlxx_hal_cortex.o
 .debug_info    0x0000000000002115     0x14c6 ./Drivers/STM32WLxx_HAL_Driver/stm32wlxx_hal_rcc.o

.debug_abbrev   0x0000000000000000      0xbf3
 .debug_abbrev  0x0000000000000000      0x138 ./Common/System/system_stm32wlxx.o
 .debug_abbrev  0x0000000000000138       0xf1 ./Core/Src/main.o
 .debug_abbrev  0x0000000000000229       0x80 ./Core/Src/stm32wlxx_hal_msp.o
 .debug_abbrev  0x00000000000002a9       0xad ./Core/Src/stm32wlxx_it.o
 .debug_abbrev  0x0000000000000356       0x12 ./Core/Startup/startup_stm32wl55jcix.o
 .debug_abbrev  0x0000000000000368      0x2fe ./Drivers/STM32WLxx_HAL_Driver/stm32wlxx_hal.o
 .debug_abbrev  0x0000000000000666      0x285 ./Drivers/STM32WLxx_HAL_Driver/stm32wlxx_hal_cortex.o
 .debug_abbrev  0x00000000000008eb      0x308 ./Drivers/STM32WLxx_HAL_Driver/stm32wlxx_hal_rcc.o

.debug_aranges  0x0000000000000000      0x5c0
 .debug_aranges
                0x0000000000000000       0x28 ./Common/System/system_stm32wlxx.o
 .debug_aranges
                0x0000000000000028       0x28 ./Core/Src/main.o
 .debug_aranges
                0x0000000000000050       0x20 ./Core/Src/stm32wlxx_hal_msp.o
 .debug_aranges
                0x0000000000000070       0x40 ./Core/Src/stm32wlxx_it.o
 .debug_aranges
                0x00000000000000b0       0x28 ./Core/Startup/startup_stm32wl55jcix.o
 .debug_aranges
                0x00000000000000d8      0x1c0 ./Drivers/STM32WLxx_HAL_Driver/stm32wlxx_hal.o
 .debug_aranges
                0x0000000000000298       0xd8 ./Drivers/STM32WLxx_HAL_Driver/stm32wlxx_hal_cortex.o
 .debug_aranges
                0x0000000000000370      0x250 ./Drivers/STM32WLxx_HAL_Driver/stm32wlxx_hal_rcc.o

.debug_ranges   0x0000000000000000      0x548
 .debug_ranges  0x0000000000000000       0x18 ./Common/System/system_stm32wlxx.o
 .debug_ranges  0x0000000000000018       0x18 ./Core/Src/main.o
 .debug_ranges  0x0000000000000030       0x10 ./Core/Src/stm32wlxx_hal_msp.o
 .debug_ranges  0x0000000000000040       0x30 ./Core/Src/stm32wlxx_it.o
 .debug_ranges  0x0000000000000070       0x20 ./Core/Startup/startup_stm32wl55jcix.o
 .debug_ranges  0x0000000000000090      0x1b0 ./Drivers/STM32WLxx_HAL_Driver/stm32wlxx_hal.o
 .debug_ranges  0x0000000000000240       0xc8 ./Drivers/STM32WLxx_HAL_Driver/stm32wlxx_hal_cortex.o
 .debug_ranges  0x0000000000000308      0x240 ./Drivers/STM32WLxx_HAL_Driver/stm32wlxx_hal_rcc.o

.debug_macro    0x0000000000000000    0x18c2c
 .debug_macro   0x0000000000000000      0x1e9 ./Common/System/system_stm32wlxx.o
 .debug_macro   0x00000000000001e9      0xa54 ./Common/System/system_stm32wlxx.o
 .debug_macro   0x0000000000000c3d       0x2e ./Common/System/system_stm32wlxx.o
 .debug_macro   0x0000000000000c6b       0x3a ./Common/System/system_stm32wlxx.o
 .debug_macro   0x0000000000000ca5       0x22 ./Common/System/system_stm32wlxx.o
 .debug_macro   0x0000000000000cc7       0x8e ./Common/System/system_stm32wlxx.o
 .debug_macro   0x0000000000000d55       0x51 ./Common/System/system_stm32wlxx.o
 .debug_macro   0x0000000000000da6      0x103 ./Common/System/system_stm32wlxx.o
 .debug_macro   0x0000000000000ea9       0x6a ./Common/System/system_stm32wlxx.o
 .debug_macro   0x0000000000000f13      0x1df ./Common/System/system_stm32wlxx.o
 .debug_macro   0x00000000000010f2       0x1c ./Common/System/system_stm32wlxx.o
 .debug_macro   0x000000000000110e       0x22 ./Common/System/system_stm32wlxx.o
 .debug_macro   0x0000000000001130       0xd1 ./Common/System/system_stm32wlxx.o
 .debug_macro   0x0000000000001201      0x4da ./Common/System/system_stm32wlxx.o
 .debug_macro   0x00000000000016db      0x11f ./Common/System/system_stm32wlxx.o
 .debug_macro   0x00000000000017fa     0xee5f ./Common/System/system_stm32wlxx.o
 .debug_macro   0x0000000000010659       0x66 ./Common/System/system_stm32wlxx.o
 .debug_macro   0x00000000000106bf      0x118 ./Common/System/system_stm32wlxx.o
 .debug_macro   0x00000000000107d7     0x341d ./Common/System/system_stm32wlxx.o
 .debug_macro   0x0000000000013bf4      0x174 ./Common/System/system_stm32wlxx.o
 .debug_macro   0x0000000000013d68       0x5c ./Common/System/system_stm32wlxx.o
 .debug_macro   0x0000000000013dc4      0x416 ./Common/System/system_stm32wlxx.o
 .debug_macro   0x00000000000141da      0x2b8 ./Common/System/system_stm32wlxx.o
 .debug_macro   0x0000000000014492      0x384 ./Common/System/system_stm32wlxx.o
 .debug_macro   0x0000000000014816      0x196 ./Common/System/system_stm32wlxx.o
 .debug_macro   0x00000000000149ac       0x4a ./Common/System/system_stm32wlxx.o
 .debug_macro   0x00000000000149f6      0x1fc ./Common/System/system_stm32wlxx.o
 .debug_macro   0x0000000000014bf2      0x229 ./Common/System/system_stm32wlxx.o
 .debug_macro   0x0000000000014e1b      0x3e5 ./Common/System/system_stm32wlxx.o
 .debug_macro   0x0000000000015200       0x2e ./Common/System/system_stm32wlxx.o
 .debug_macro   0x000000000001522e      0x107 ./Common/System/system_stm32wlxx.o
 .debug_macro   0x0000000000015335      0x1ba ./Common/System/system_stm32wlxx.o
 .debug_macro   0x00000000000154ef       0xe6 ./Common/System/system_stm32wlxx.o
 .debug_macro   0x00000000000155d5      0x283 ./Common/System/system_stm32wlxx.o
 .debug_macro   0x0000000000015858      0x133 ./Common/System/system_stm32wlxx.o
 .debug_macro   0x000000000001598b      0x36f ./Common/System/system_stm32wlxx.o
 .debug_macro   0x0000000000015cfa      0x683 ./Common/System/system_stm32wlxx.o
 .debug_macro   0x000000000001637d      0x20e ./Common/System/system_stm32wlxx.o
 .debug_macro   0x000000000001658b      0xfb4 ./Common/System/system_stm32wlxx.o
 .debug_macro   0x000000000001753f      0x136 ./Common/System/system_stm32wlxx.o
 .debug_macro   0x0000000000017675      0x2db ./Common/System/system_stm32wlxx.o
 .debug_macro   0x0000000000017950      0x3a4 ./Common/System/system_stm32wlxx.o
 .debug_macro   0x0000000000017cf4      0x316 ./Common/System/system_stm32wlxx.o
 .debug_macro   0x000000000001800a      0x1f3 ./Core/Src/main.o
 .debug_macro   0x00000000000181fd      0x1f3 ./Core/Src/stm32wlxx_hal_msp.o
 .debug_macro   0x00000000000183f0      0x1fd ./Core/Src/stm32wlxx_it.o
 .debug_macro   0x00000000000185ed      0x20d ./Drivers/STM32WLxx_HAL_Driver/stm32wlxx_hal.o
 .debug_macro   0x00000000000187fa      0x1e9 ./Drivers/STM32WLxx_HAL_Driver/stm32wlxx_hal_cortex.o
 .debug_macro   0x00000000000189e3      0x249 ./Drivers/STM32WLxx_HAL_Driver/stm32wlxx_hal_rcc.o

.debug_line     0x0000000000000000     0x4e45
 .debug_line    0x0000000000000000      0x7cd ./Common/System/system_stm32wlxx.o
 .debug_line    0x00000000000007cd      0x71f ./Core/Src/main.o
 .debug_line    0x0000000000000eec      0x6fa ./Core/Src/stm32wlxx_hal_msp.o
 .debug_line    0x00000000000015e6      0x763 ./Core/Src/stm32wlxx_it.o
 .debug_line    0x0000000000001d49       0x89 ./Core/Startup/startup_stm32wl55jcix.o
 .debug_line    0x0000000000001dd2      0xd3d ./Drivers/STM32WLxx_HAL_Driver/stm32wlxx_hal.o
 .debug_line    0x0000000000002b0f      0xb61 ./Drivers/STM32WLxx_HAL_Driver/stm32wlxx_hal_cortex.o
 .debug_line    0x0000000000003670     0x17d5 ./Drivers/STM32WLxx_HAL_Driver/stm32wlxx_hal_rcc.o

.debug_str      0x0000000000000000    0x9ddab
 .debug_str     0x0000000000000000    0x9c1c5 ./Common/System/system_stm32wlxx.o
                                      0x9c786 (size before relaxing)
 .debug_str     0x000000000009c1c5       0x7f ./Core/Src/main.o
                                      0x9c504 (size before relaxing)
 .debug_str     0x000000000009c244       0x2c ./Core/Src/stm32wlxx_hal_msp.o
                                      0x9c4bb (size before relaxing)
 .debug_str     0x000000000009c270       0x82 ./Core/Src/stm32wlxx_it.o
                                      0x9c511 (size before relaxing)
 .debug_str     0x000000000009c2f2       0x36 ./Core/Startup/startup_stm32wl55jcix.o
                                         0x80 (size before relaxing)
 .debug_str     0x000000000009c328      0xa01 ./Drivers/STM32WLxx_HAL_Driver/stm32wlxx_hal.o
                                      0x9d15c (size before relaxing)
 .debug_str     0x000000000009cd29      0x2cb ./Drivers/STM32WLxx_HAL_Driver/stm32wlxx_hal_cortex.o
                                      0x9cabd (size before relaxing)
 .debug_str     0x000000000009cff4      0xdb7 ./Drivers/STM32WLxx_HAL_Driver/stm32wlxx_hal_rcc.o
                                      0x9d57f (size before relaxing)

.comment        0x0000000000000000       0x50
 .comment       0x0000000000000000       0x50 ./Common/System/system_stm32wlxx.o
                                         0x51 (size before relaxing)
 .comment       0x0000000000000050       0x51 ./Core/Src/main.o
 .comment       0x0000000000000050       0x51 ./Core/Src/stm32wlxx_hal_msp.o
 .comment       0x0000000000000050       0x51 ./Core/Src/stm32wlxx_it.o
 .comment       0x0000000000000050       0x51 ./Drivers/STM32WLxx_HAL_Driver/stm32wlxx_hal.o
 .comment       0x0000000000000050       0x51 ./Drivers/STM32WLxx_HAL_Driver/stm32wlxx_hal_cortex.o
 .comment       0x0000000000000050       0x51 ./Drivers/STM32WLxx_HAL_Driver/stm32wlxx_hal_rcc.o

.debug_frame    0x0000000000000000     0x1338
 .debug_frame   0x0000000000000000       0x4c ./Common/System/system_stm32wlxx.o
 .debug_frame   0x000000000000004c       0x48 ./Core/Src/main.o
 .debug_frame   0x0000000000000094       0x2c ./Core/Src/stm32wlxx_hal_msp.o
 .debug_frame   0x00000000000000c0       0x9c ./Core/Src/stm32wlxx_it.o
 .debug_frame   0x000000000000015c      0x658 ./Drivers/STM32WLxx_HAL_Driver/stm32wlxx_hal.o
 .debug_frame   0x00000000000007b4      0x2fc ./Drivers/STM32WLxx_HAL_Driver/stm32wlxx_hal_cortex.o
 .debug_frame   0x0000000000000ab0      0x83c ./Drivers/STM32WLxx_HAL_Driver/stm32wlxx_hal_rcc.o
 .debug_frame   0x00000000000012ec       0x2c c:/st/stm32cubeide_1.9.0/stm32cubeide/plugins/com.st.stm32cube.ide.mcu.externaltools.gnu-tools-for-stm32.10.3-2021.10.win32_1.0.0.202111181127/tools/bin/../lib/gcc/arm-none-eabi/10.3.1/../../../../arm-none-eabi/lib/thumb/v6-m/nofp\libc_nano.a(lib_a-init.o)
 .debug_frame   0x0000000000001318       0x20 c:/st/stm32cubeide_1.9.0/stm32cubeide/plugins/com.st.stm32cube.ide.mcu.externaltools.gnu-tools-for-stm32.10.3-2021.10.win32_1.0.0.202111181127/tools/bin/../lib/gcc/arm-none-eabi/10.3.1/thumb/v6-m/nofp\libgcc.a(_udivsi3.o)
