C:/Users/dumbt/STM32CubeIDE/workspace_1.9.0/Weather-Station/Drivers/STM32WLxx_HAL_Driver/Src/stm32wlxx_hal_tim_ex.c:2794:13:TIM_CCxNChannelCmd	8	static
C:/Users/dumbt/STM32CubeIDE/workspace_1.9.0/Weather-Station/Drivers/STM32WLxx_HAL_Driver/Src/stm32wlxx_hal_tim_ex.c:2749:13:TIM_DMAErrorCCxN	8	static
C:/Users/dumbt/STM32CubeIDE/workspace_1.9.0/Weather-Station/Drivers/STM32WLxx_HAL_Driver/Src/stm32wlxx_hal_tim_ex.c:2690:13:TIM_DMADelayPulseNCplt	8	static
C:/Users/dumbt/STM32CubeIDE/workspace_1.9.0/Weather-Station/Drivers/STM32WLxx_HAL_Driver/Src/stm32wlxx_hal_tim_ex.c:308:13:HAL_TIMEx_HallSensor_MspInit	0	static
C:/Users/dumbt/STM32CubeIDE/workspace_1.9.0/Weather-Station/Drivers/STM32WLxx_HAL_Driver/Src/stm32wlxx_hal_tim_ex.c:162:19:HAL_TIMEx_HallSensor_Init	48	static
C:/Users/dumbt/STM32CubeIDE/workspace_1.9.0/Weather-Station/Drivers/STM32WLxx_HAL_Driver/Src/stm32wlxx_hal_tim_ex.c:323:13:HAL_TIMEx_HallSensor_MspDeInit	0	static
C:/Users/dumbt/STM32CubeIDE/workspace_1.9.0/Weather-Station/Drivers/STM32WLxx_HAL_Driver/Src/stm32wlxx_hal_tim_ex.c:263:19:HAL_TIMEx_HallSensor_DeInit	8	static
C:/Users/dumbt/STM32CubeIDE/workspace_1.9.0/Weather-Station/Drivers/STM32WLxx_HAL_Driver/Src/stm32wlxx_hal_tim_ex.c:338:19:HAL_TIMEx_HallSensor_Start	16	static
C:/Users/dumbt/STM32CubeIDE/workspace_1.9.0/Weather-Station/Drivers/STM32WLxx_HAL_Driver/Src/stm32wlxx_hal_tim_ex.c:392:19:HAL_TIMEx_HallSensor_Stop	8	static
C:/Users/dumbt/STM32CubeIDE/workspace_1.9.0/Weather-Station/Drivers/STM32WLxx_HAL_Driver/Src/stm32wlxx_hal_tim_ex.c:420:19:HAL_TIMEx_HallSensor_Start_IT	16	static
C:/Users/dumbt/STM32CubeIDE/workspace_1.9.0/Weather-Station/Drivers/STM32WLxx_HAL_Driver/Src/stm32wlxx_hal_tim_ex.c:477:19:HAL_TIMEx_HallSensor_Stop_IT	8	static
C:/Users/dumbt/STM32CubeIDE/workspace_1.9.0/Weather-Station/Drivers/STM32WLxx_HAL_Driver/Src/stm32wlxx_hal_tim_ex.c:510:19:HAL_TIMEx_HallSensor_Start_DMA	24	static
C:/Users/dumbt/STM32CubeIDE/workspace_1.9.0/Weather-Station/Drivers/STM32WLxx_HAL_Driver/Src/stm32wlxx_hal_tim_ex.c:586:19:HAL_TIMEx_HallSensor_Stop_DMA	8	static
C:/Users/dumbt/STM32CubeIDE/workspace_1.9.0/Weather-Station/Drivers/STM32WLxx_HAL_Driver/Src/stm32wlxx_hal_tim_ex.c:648:19:HAL_TIMEx_OCN_Start	8	static
C:/Users/dumbt/STM32CubeIDE/workspace_1.9.0/Weather-Station/Drivers/STM32WLxx_HAL_Driver/Src/stm32wlxx_hal_tim_ex.c:699:19:HAL_TIMEx_OCN_Stop	16	static
C:/Users/dumbt/STM32CubeIDE/workspace_1.9.0/Weather-Station/Drivers/STM32WLxx_HAL_Driver/Src/stm32wlxx_hal_tim_ex.c:731:19:HAL_TIMEx_OCN_Start_IT	8	static
C:/Users/dumbt/STM32CubeIDE/workspace_1.9.0/Weather-Station/Drivers/STM32WLxx_HAL_Driver/Src/stm32wlxx_hal_tim_ex.c:818:19:HAL_TIMEx_OCN_Stop_IT	16	static
C:/Users/dumbt/STM32CubeIDE/workspace_1.9.0/Weather-Station/Drivers/STM32WLxx_HAL_Driver/Src/stm32wlxx_hal_tim_ex.c:893:19:HAL_TIMEx_OCN_Start_DMA	16	static
C:/Users/dumbt/STM32CubeIDE/workspace_1.9.0/Weather-Station/Drivers/STM32WLxx_HAL_Driver/Src/stm32wlxx_hal_tim_ex.c:1030:19:HAL_TIMEx_OCN_Stop_DMA	16	static
C:/Users/dumbt/STM32CubeIDE/workspace_1.9.0/Weather-Station/Drivers/STM32WLxx_HAL_Driver/Src/stm32wlxx_hal_tim_ex.c:1131:19:HAL_TIMEx_PWMN_Start	0	static
C:/Users/dumbt/STM32CubeIDE/workspace_1.9.0/Weather-Station/Drivers/STM32WLxx_HAL_Driver/Src/stm32wlxx_hal_tim_ex.c:1181:19:HAL_TIMEx_PWMN_Stop	0	static
C:/Users/dumbt/STM32CubeIDE/workspace_1.9.0/Weather-Station/Drivers/STM32WLxx_HAL_Driver/Src/stm32wlxx_hal_tim_ex.c:1213:19:HAL_TIMEx_PWMN_Start_IT	0	static
C:/Users/dumbt/STM32CubeIDE/workspace_1.9.0/Weather-Station/Drivers/STM32WLxx_HAL_Driver/Src/stm32wlxx_hal_tim_ex.c:1299:19:HAL_TIMEx_PWMN_Stop_IT	0	static
C:/Users/dumbt/STM32CubeIDE/workspace_1.9.0/Weather-Station/Drivers/STM32WLxx_HAL_Driver/Src/stm32wlxx_hal_tim_ex.c:1374:19:HAL_TIMEx_PWMN_Start_DMA	0	static
C:/Users/dumbt/STM32CubeIDE/workspace_1.9.0/Weather-Station/Drivers/STM32WLxx_HAL_Driver/Src/stm32wlxx_hal_tim_ex.c:1511:19:HAL_TIMEx_PWMN_Stop_DMA	0	static
C:/Users/dumbt/STM32CubeIDE/workspace_1.9.0/Weather-Station/Drivers/STM32WLxx_HAL_Driver/Src/stm32wlxx_hal_tim_ex.c:1602:19:HAL_TIMEx_OnePulseN_Start	24	static
C:/Users/dumbt/STM32CubeIDE/workspace_1.9.0/Weather-Station/Drivers/STM32WLxx_HAL_Driver/Src/stm32wlxx_hal_tim_ex.c:1651:19:HAL_TIMEx_OnePulseN_Stop	16	static
C:/Users/dumbt/STM32CubeIDE/workspace_1.9.0/Weather-Station/Drivers/STM32WLxx_HAL_Driver/Src/stm32wlxx_hal_tim_ex.c:1690:19:HAL_TIMEx_OnePulseN_Start_IT	24	static
C:/Users/dumbt/STM32CubeIDE/workspace_1.9.0/Weather-Station/Drivers/STM32WLxx_HAL_Driver/Src/stm32wlxx_hal_tim_ex.c:1745:19:HAL_TIMEx_OnePulseN_Stop_IT	16	static
C:/Users/dumbt/STM32CubeIDE/workspace_1.9.0/Weather-Station/Drivers/STM32WLxx_HAL_Driver/Src/stm32wlxx_hal_tim_ex.c:1825:19:HAL_TIMEx_ConfigCommutEvent	8	static
C:/Users/dumbt/STM32CubeIDE/workspace_1.9.0/Weather-Station/Drivers/STM32WLxx_HAL_Driver/Src/stm32wlxx_hal_tim_ex.c:1881:19:HAL_TIMEx_ConfigCommutEvent_IT	8	static
C:/Users/dumbt/STM32CubeIDE/workspace_1.9.0/Weather-Station/Drivers/STM32WLxx_HAL_Driver/Src/stm32wlxx_hal_tim_ex.c:1938:19:HAL_TIMEx_ConfigCommutEvent_DMA	8	static
C:/Users/dumbt/STM32CubeIDE/workspace_1.9.0/Weather-Station/Drivers/STM32WLxx_HAL_Driver/Src/stm32wlxx_hal_tim_ex.c:1987:19:HAL_TIMEx_MasterConfigSynchronization	16	static
C:/Users/dumbt/STM32CubeIDE/workspace_1.9.0/Weather-Station/Drivers/STM32WLxx_HAL_Driver/Src/stm32wlxx_hal_tim_ex.c:2060:19:HAL_TIMEx_ConfigBreakDeadTime	8	static
C:/Users/dumbt/STM32CubeIDE/workspace_1.9.0/Weather-Station/Drivers/STM32WLxx_HAL_Driver/Src/stm32wlxx_hal_tim_ex.c:2142:19:HAL_TIMEx_ConfigBreakInput	20	static
C:/Users/dumbt/STM32CubeIDE/workspace_1.9.0/Weather-Station/Drivers/STM32WLxx_HAL_Driver/Src/stm32wlxx_hal_tim_ex.c:2292:19:HAL_TIMEx_RemapConfig	20	static
C:/Users/dumbt/STM32CubeIDE/workspace_1.9.0/Weather-Station/Drivers/STM32WLxx_HAL_Driver/Src/stm32wlxx_hal_tim_ex.c:2348:19:HAL_TIMEx_GroupChannel5	0	static
C:/Users/dumbt/STM32CubeIDE/workspace_1.9.0/Weather-Station/Drivers/STM32WLxx_HAL_Driver/Src/stm32wlxx_hal_tim_ex.c:2386:19:HAL_TIMEx_DisarmBreakInput	0	static
C:/Users/dumbt/STM32CubeIDE/workspace_1.9.0/Weather-Station/Drivers/STM32WLxx_HAL_Driver/Src/stm32wlxx_hal_tim_ex.c:2441:19:HAL_TIMEx_ReArmBreakInput	16	static
C:/Users/dumbt/STM32CubeIDE/workspace_1.9.0/Weather-Station/Drivers/STM32WLxx_HAL_Driver/Src/stm32wlxx_hal_tim_ex.c:2530:13:HAL_TIMEx_CommutCallback	0	static
C:/Users/dumbt/STM32CubeIDE/workspace_1.9.0/Weather-Station/Drivers/STM32WLxx_HAL_Driver/Src/stm32wlxx_hal_tim_ex.c:2651:6:TIMEx_DMACommutationCplt	8	static
C:/Users/dumbt/STM32CubeIDE/workspace_1.9.0/Weather-Station/Drivers/STM32WLxx_HAL_Driver/Src/stm32wlxx_hal_tim_ex.c:2544:13:HAL_TIMEx_CommutHalfCpltCallback	0	static
C:/Users/dumbt/STM32CubeIDE/workspace_1.9.0/Weather-Station/Drivers/STM32WLxx_HAL_Driver/Src/stm32wlxx_hal_tim_ex.c:2670:6:TIMEx_DMACommutationHalfCplt	8	static
C:/Users/dumbt/STM32CubeIDE/workspace_1.9.0/Weather-Station/Drivers/STM32WLxx_HAL_Driver/Src/stm32wlxx_hal_tim_ex.c:2559:13:HAL_TIMEx_BreakCallback	0	static
C:/Users/dumbt/STM32CubeIDE/workspace_1.9.0/Weather-Station/Drivers/STM32WLxx_HAL_Driver/Src/stm32wlxx_hal_tim_ex.c:2574:13:HAL_TIMEx_Break2Callback	0	static
C:/Users/dumbt/STM32CubeIDE/workspace_1.9.0/Weather-Station/Drivers/STM32WLxx_HAL_Driver/Src/stm32wlxx_hal_tim_ex.c:2607:22:HAL_TIMEx_HallSensor_GetState	0	static
C:/Users/dumbt/STM32CubeIDE/workspace_1.9.0/Weather-Station/Drivers/STM32WLxx_HAL_Driver/Src/stm32wlxx_hal_tim_ex.c:2622:29:HAL_TIMEx_GetChannelNState	0	static
