C:/Middlewares/Third_Party/LoRaWAN/Mac/LoRaMacCrypto.c:296:30:PrepareB0	4	static
C:/Middlewares/Third_Party/LoRaWAN/Mac/LoRaMacCrypto.c:536:30:GetKeyAddrItem	0	static
C:/Middlewares/Third_Party/LoRaWAN/Mac/LoRaMacCrypto.c:704:30:GetLastFcntDown	0	static
C:/Middlewares/Third_Party/LoRaWAN/Mac/LoRaMacCrypto.c:758:13:CheckFCntDown	16	static
C:/Middlewares/Third_Party/LoRaWAN/Mac/LoRaMacCrypto.c:785:13:UpdateFCntDown	0	static
C:/Middlewares/Third_Party/LoRaWAN/Mac/LoRaMacCrypto.c:826:13:ResetFCnts	0	static
C:/Middlewares/Third_Party/LoRaWAN/Mac/LoRaMacCrypto.c:361:30:ComputeCmacB0	56	static
C:/Middlewares/Third_Party/LoRaWAN/Mac/LoRaMacCrypto.c:558:30:DeriveSessionKey10x	24	static
C:/Middlewares/Third_Party/LoRaWAN/Mac/LoRaMacCrypto.c:154:30:PayloadEncrypt	56	static
C:/Middlewares/Third_Party/LoRaWAN/Mac/LoRaMacCrypto.c:397:30:VerifyCmacB0	312	static
C:/Middlewares/Third_Party/LoRaWAN/Mac/LoRaMacCrypto.c:843:23:LoRaMacCryptoInit	8	static
C:/Middlewares/Third_Party/LoRaWAN/Mac/LoRaMacCrypto.c:868:23:LoRaMacCryptoSetLrWanVersion	0	static
C:/Middlewares/Third_Party/LoRaWAN/Mac/LoRaMacCrypto.c:874:23:LoRaMacCryptoGetFCntUp	0	static
C:/Middlewares/Third_Party/LoRaWAN/Mac/LoRaMacCrypto.c:940:23:LoRaMacCryptoGetFCntDown	24	static
C:/Middlewares/Third_Party/LoRaWAN/Mac/LoRaMacCrypto.c:1008:23:LoRaMacCryptoSetMulticastReference	0	static
C:/Middlewares/Third_Party/LoRaWAN/Mac/LoRaMacCrypto.c:1044:23:LoRaMacCryptoPrepareJoinRequest	16	static
C:/Middlewares/Third_Party/LoRaWAN/Mac/LoRaMacCrypto.c:1345:23:LoRaMacCryptoSecureMessage	32	static
C:/Middlewares/Third_Party/LoRaWAN/Mac/LoRaMacCrypto.c:1453:23:LoRaMacCryptoUnsecureMessage	56	static
C:/Middlewares/Third_Party/LoRaWAN/Mac/LoRaMacCrypto.c:1551:23:LoRaMacCryptoDeriveMcRootKey	24	static
C:/Middlewares/Third_Party/LoRaWAN/Mac/LoRaMacCrypto.c:1572:23:LoRaMacCryptoDeriveMcKEKey	24	static
C:/Middlewares/Third_Party/LoRaWAN/Mac/LoRaMacCrypto.c:1023:23:LoRaMacCryptoSetKey	8	static
C:/Middlewares/Third_Party/LoRaWAN/Mac/LoRaMacCrypto.c:1173:23:LoRaMacCryptoHandleJoinAccept	80	static
C:/Middlewares/Third_Party/LoRaWAN/Mac/LoRaMacCrypto.c:1589:23:LoRaMacCryptoDeriveMcSessionKeyPair	48	static
