C:/Middlewares/Third_Party/LoRaWAN/Mac/LoRaMacCommands.c:99:13:IsSlotFree	0	static
C:/Middlewares/Third_Party/LoRaWAN/Mac/LoRaMacCommands.c:118:22:MallocNewMacCommandSlot	16	static
C:/Middlewares/Third_Party/LoRaWAN/Mac/LoRaMacCommands.c:161:13:LinkedListInit	0	static
C:/Middlewares/Third_Party/LoRaWAN/Mac/LoRaMacCommands.c:181:13:LinkedListAdd	0	static
C:/Middlewares/Third_Party/LoRaWAN/Mac/LoRaMacCommands.c:216:22:LinkedListGetPrevious	0	static
C:/Middlewares/Third_Party/LoRaWAN/Mac/LoRaMacCommands.c:252:13:LinkedListRemove	16	static
C:/Middlewares/Third_Party/LoRaWAN/Mac/LoRaMacCommands.c:288:13:IsSticky	0	static
C:/Middlewares/Third_Party/LoRaWAN/Mac/LoRaMacCommands.c:141:13:FreeMacCommandSlot	8	static
C:/Middlewares/Third_Party/LoRaWAN/Mac/LoRaMacCommands.c:305:24:LoRaMacCommandsInit	8	static
C:/Middlewares/Third_Party/LoRaWAN/Mac/LoRaMacCommands.c:315:24:LoRaMacCommandsAddCmd	24	static
C:/Middlewares/Third_Party/LoRaWAN/Mac/LoRaMacCommands.c:348:24:LoRaMacCommandsRemoveCmd	8	static
C:/Middlewares/Third_Party/LoRaWAN/Mac/LoRaMacCommands.c:372:24:LoRaMacCommandsGetCmd	0	static
C:/Middlewares/Third_Party/LoRaWAN/Mac/LoRaMacCommands.c:396:24:LoRaMacCommandsRemoveNoneStickyCmds	8	static
C:/Middlewares/Third_Party/LoRaWAN/Mac/LoRaMacCommands.c:422:24:LoRaMacCommandsRemoveStickyAnsCmds	16	static
C:/Middlewares/Third_Party/LoRaWAN/Mac/LoRaMacCommands.c:444:24:LoRaMacCommandsGetSizeSerializedCmds	0	static
C:/Middlewares/Third_Party/LoRaWAN/Mac/LoRaMacCommands.c:454:24:LoRaMacCommandsSerializeCmds	24	static
C:/Middlewares/Third_Party/LoRaWAN/Mac/LoRaMacCommands.c:497:24:LoRaMacCommandsStickyCmdsPending	0	static
C:/Middlewares/Third_Party/LoRaWAN/Mac/LoRaMacCommands.c:523:9:LoRaMacCommandsGetCmdSize	0	static
