C:/Middlewares/Third_Party/LoRaWAN/Mac/Region/RegionCommon.c:90:17:GetDutyCycle	8	static
C:/Middlewares/Third_Party/LoRaWAN/Mac/Region/RegionCommon.c:220:16:CountChannels	0	static
C:/Middlewares/Third_Party/LoRaWAN/Mac/Region/RegionCommon.c:123:17:SetMaxTimeCredits	64	static
C:/Middlewares/Third_Party/LoRaWAN/Mac/Region/RegionCommon.c:194:17:UpdateTimeCredits	24	static
C:/Middlewares/Third_Party/LoRaWAN/Mac/Region/RegionCommon.c:259:9:RegionCommonValueInRange	0	static
C:/Middlewares/Third_Party/LoRaWAN/Mac/Region/RegionCommon.c:234:6:RegionCommonChanVerifyDr	32	static
C:/Middlewares/Third_Party/LoRaWAN/Mac/Region/RegionCommon.c:268:6:RegionCommonChanDisable	0	static
C:/Middlewares/Third_Party/LoRaWAN/Mac/Region/RegionCommon.c:283:9:RegionCommonCountChannels	24	static
C:/Middlewares/Third_Party/LoRaWAN/Mac/Region/RegionCommon.c:300:6:RegionCommonChanMaskCopy	0	static
C:/Middlewares/Third_Party/LoRaWAN/Mac/Region/RegionCommon.c:311:6:RegionCommonSetBandTxDone	16	static
C:/Middlewares/Third_Party/LoRaWAN/Mac/Region/RegionCommon.c:329:13:RegionCommonUpdateBandTimeOff	72	static
C:/Middlewares/Third_Party/LoRaWAN/Mac/Region/RegionCommon.c:423:9:RegionCommonParseLinkAdrReq	0	static
C:/Middlewares/Third_Party/LoRaWAN/Mac/Region/RegionCommon.c:447:9:RegionCommonLinkAdrReqVerifyParams	56	static
C:/Middlewares/Third_Party/LoRaWAN/Mac/Region/RegionCommon.c:512:10:RegionCommonComputeSymbolTimeLoRa	0	static
C:/Middlewares/Third_Party/LoRaWAN/Mac/Region/RegionCommon.c:517:10:RegionCommonComputeSymbolTimeFsk	0	static
C:/Middlewares/Third_Party/LoRaWAN/Mac/Region/RegionCommon.c:522:6:RegionCommonComputeRxWindowParameters	4	static
C:/Middlewares/Third_Party/LoRaWAN/Mac/Region/RegionCommon.c:530:8:RegionCommonComputeTxPower	16	static
C:/Middlewares/Third_Party/LoRaWAN/Mac/Region/RegionCommon.c:539:6:RegionCommonRxBeaconSetup	64	static
C:/Middlewares/Third_Party/LoRaWAN/Mac/Region/RegionCommon.c:570:6:RegionCommonCountNbOfEnabledChannels	48	static
C:/Middlewares/Third_Party/LoRaWAN/Mac/Region/RegionCommon.c:613:17:RegionCommonIdentifyChannels	48	static
C:/Middlewares/Third_Party/LoRaWAN/Mac/Region/RegionCommon.c:657:8:RegionCommonGetNextLowerTxDr	24	static
C:/Middlewares/Third_Party/LoRaWAN/Mac/Region/RegionCommon.c:677:8:RegionCommonLimitTxPower	0	static
C:/Middlewares/Third_Party/LoRaWAN/Mac/Region/RegionCommon.c:683:10:RegionCommonGetBandwidth	0	static
C:/Middlewares/Third_Party/LoRaWAN/Mac/Region/RegionCommon.c:698:6:RegionCommonRxConfigPrint	24	static
C:/Middlewares/Third_Party/LoRaWAN/Mac/Region/RegionCommon.c:710:6:RegionCommonTxConfigPrint	16	static
