C:/Middlewares/Third_Party/LoRaWAN/Crypto/soft-se.c:227:30:GetKeyByID	4	static
C:/Middlewares/Third_Party/LoRaWAN/Crypto/soft-se.c:419:30:ComputeCmac	328	static
C:/Middlewares/Third_Party/LoRaWAN/Crypto/soft-se.c:527:23:SecureElementInit	8	static
C:/Middlewares/Third_Party/LoRaWAN/Crypto/soft-se.c:613:23:SecureElementGetKeyByID	4	static
C:/Middlewares/Third_Party/LoRaWAN/Crypto/soft-se.c:159:13:PrintKey	120	static
C:/Middlewares/Third_Party/LoRaWAN/Crypto/soft-se.c:674:23:SecureElementPrintKeys	56	static
C:/Middlewares/Third_Party/LoRaWAN/Crypto/soft-se.c:692:23:SecureElementPrintSessionKeys	8	static
C:/Middlewares/Third_Party/LoRaWAN/Crypto/soft-se.c:709:23:SecureElementDeleteDynamicKeys	0	static
C:/Middlewares/Third_Party/LoRaWAN/Crypto/soft-se.c:773:23:SecureElementSetObjHandler	0	static
C:/Middlewares/Third_Party/LoRaWAN/Crypto/soft-se.c:919:23:SecureElementComputeAesCmac	16	static
C:/Middlewares/Third_Party/LoRaWAN/Crypto/soft-se.c:931:23:SecureElementVerifyAesCmac	24	static
C:/Middlewares/Third_Party/LoRaWAN/Crypto/soft-se.c:1000:23:SecureElementAesEncrypt	272	static
C:/Middlewares/Third_Party/LoRaWAN/Crypto/soft-se.c:791:23:SecureElementSetKey	32	static
C:/Middlewares/Third_Party/LoRaWAN/Crypto/soft-se.c:1089:23:SecureElementDeriveAndStoreKey	24	static
C:/Middlewares/Third_Party/LoRaWAN/Crypto/soft-se.c:1179:23:SecureElementProcessJoinAccept	24	static
C:/Middlewares/Third_Party/LoRaWAN/Crypto/soft-se.c:1281:23:SecureElementRandomNumber	8	static
C:/Middlewares/Third_Party/LoRaWAN/Crypto/soft-se.c:1292:23:SecureElementSetDevEui	8	static
C:/Middlewares/Third_Party/LoRaWAN/Crypto/soft-se.c:1302:10:SecureElementGetDevEui	0	static
C:/Middlewares/Third_Party/LoRaWAN/Crypto/soft-se.c:1307:23:SecureElementSetJoinEui	8	static
C:/Middlewares/Third_Party/LoRaWAN/Crypto/soft-se.c:1317:10:SecureElementGetJoinEui	0	static
