../../Drivers/STM32WLxx_HAL_Driver/Inc/stm32wlxx_ll_bus.h:449:22:LL_AHB2_GRP1_EnableClock	8	static
../Core/Src/stm32wlxx_hal_msp.c:63:6:HAL_MspInit	0	static
../Core/Src/stm32wlxx_hal_msp.c:82:6:HAL_ADC_MspInit	32	static
../Core/Src/stm32wlxx_hal_msp.c:118:6:HAL_ADC_MspDeInit	8	static
../Core/Src/stm32wlxx_hal_msp.c:148:6:HAL_I2C_MspInit	88	static
../Core/Src/stm32wlxx_hal_msp.c:194:6:HAL_I2C_MspDeInit	8	static
../Core/Src/stm32wlxx_hal_msp.c:225:6:HAL_TIM_Base_MspInit	8	static
../Core/Src/stm32wlxx_hal_msp.c:247:6:HAL_TIM_Base_MspDeInit	0	static
../Core/Src/stm32wlxx_hal_msp.c:269:6:HAL_UART_MspInit	88	static
../Core/Src/stm32wlxx_hal_msp.c:316:6:HAL_UART_MspDeInit	0	static
