../../Drivers/STM32WLxx_HAL_Driver/Inc/stm32wlxx_ll_rcc.h:1257:22:LL_RCC_LSE_SetDriveCapability	16	static
../../Drivers/STM32WLxx_HAL_Driver/Inc/stm32wlxx_ll_bus.h:449:22:LL_AHB2_GRP1_EnableClock	24	static
../Core/Src/main.c:135:5:main	512	static
../Core/Src/main.c:274:6:SystemClock_Config	112	static
../Core/Src/main.c:329:13:MX_ADC_Init	8	static
../Core/Src/main.c:376:13:MX_I2C1_Init	8	static
../Core/Src/main.c:424:13:MX_RTC_Init	32	static
../Core/Src/main.c:516:13:MX_TIM16_Init	8	static
../Core/Src/main.c:548:13:MX_USART2_UART_Init	8	static
../Core/Src/main.c:596:13:MX_GPIO_Init	32	static
../Core/Src/main.c:622:8:DebugSerialOutput	24	static
../Core/Src/main.c:639:8:bme680I2cRead	32	static
../Core/Src/main.c:658:8:bme680I2cWrite	32	static
../Core/Src/main.c:679:5:bme680Init	96	static
../Core/Src/main.c:733:6:bme680TakeSample	48	static
../Core/Src/main.c:765:6:getWindDir	176	static
../Core/Src/main.c:803:5:getRainfall	96	static
../Core/Src/main.c:821:6:getWindSpeed	4	static
../Core/Src/main.c:828:6:printWindSpeed	104	static
../Core/Src/main.c:865:6:HAL_GPIO_EXTI_Callback	16	static
../Core/Src/main.c:881:6:Error_Handler	4	static,ignoring_inline_asm
