C:/Users/dumbt/OneDrive/Desktop/LoRaWAN_End_Node_2/LoRaWAN/App/lora_app.c:819:13:OnTxFrameCtrlChanged	0	static
C:/Users/dumbt/OneDrive/Desktop/LoRaWAN_End_Node_2/LoRaWAN/App/lora_app.c:830:13:OnPingSlotPeriodicityChanged	0	static
C:/Users/dumbt/OneDrive/Desktop/LoRaWAN_End_Node_2/LoRaWAN/App/lora_app.c:743:13:OnBeaconStatusChange	72	static
C:/Users/dumbt/OneDrive/Desktop/LoRaWAN_End_Node_2/LoRaWAN/App/lora_app.c:778:13:OnClassChange	16	static
C:/Users/dumbt/OneDrive/Desktop/LoRaWAN_End_Node_2/LoRaWAN/App/lora_app.c:930:13:OnNvmDataChange	8	static
C:/Users/dumbt/OneDrive/Desktop/LoRaWAN_End_Node_2/LoRaWAN/App/lora_app.c:654:13:OnTxTimerEvent	8	static
C:/Users/dumbt/OneDrive/Desktop/LoRaWAN_End_Node_2/LoRaWAN/App/lora_app.c:785:13:OnMacProcessNotify	8	static
C:/Users/dumbt/OneDrive/Desktop/LoRaWAN_End_Node_2/LoRaWAN/App/lora_app.c:841:13:OnSystemReset	8	static,ignoring_inline_asm
C:/Users/dumbt/OneDrive/Desktop/LoRaWAN_End_Node_2/LoRaWAN/App/lora_app.c:797:13:OnTxPeriodicityChanged	8	static
C:/Users/dumbt/OneDrive/Desktop/LoRaWAN_End_Node_2/LoRaWAN/App/lora_app.c:686:13:OnTxData	24	static
C:/Users/dumbt/OneDrive/Desktop/LoRaWAN_End_Node_2/LoRaWAN/App/lora_app.c:715:13:OnJoinRequest	8	static
C:/Users/dumbt/OneDrive/Desktop/LoRaWAN_End_Node_2/LoRaWAN/App/lora_app.c:892:13:OnStopJoinTimerEvent	8	static
C:/Users/dumbt/OneDrive/Desktop/LoRaWAN_End_Node_2/LoRaWAN/App/lora_app.c:674:13:OnRxTimerLedEvent	8	static
C:/Users/dumbt/OneDrive/Desktop/LoRaWAN_End_Node_2/LoRaWAN/App/lora_app.c:669:13:OnTxTimerLedEvent	8	static
C:/Users/dumbt/OneDrive/Desktop/LoRaWAN_End_Node_2/LoRaWAN/App/lora_app.c:461:13:OnRxData	40	static
C:/Users/dumbt/OneDrive/Desktop/LoRaWAN_End_Node_2/LoRaWAN/App/lora_app.c:948:13:OnStoreContextRequest	16	static
C:/Users/dumbt/OneDrive/Desktop/LoRaWAN_End_Node_2/LoRaWAN/App/lora_app.c:967:13:OnRestoreContextRequest	8	static
C:/Users/dumbt/OneDrive/Desktop/LoRaWAN_End_Node_2/LoRaWAN/App/lora_app.c:855:13:StopJoin	16	static
C:/Users/dumbt/OneDrive/Desktop/LoRaWAN_End_Node_2/LoRaWAN/App/lora_app.c:908:13:StoreContext	8	static
C:/Users/dumbt/OneDrive/Desktop/LoRaWAN_End_Node_2/LoRaWAN/App/lora_app.c:540:13:SendTxData	56	static
C:/Users/dumbt/OneDrive/Desktop/LoRaWAN_End_Node_2/LoRaWAN/App/lora_app.c:679:13:OnJoinTimerLedEvent	8	static
C:/Users/dumbt/OneDrive/Desktop/LoRaWAN_End_Node_2/LoRaWAN/App/lora_app.c:342:6:LoRaWAN_Init	48	static
C:/Users/dumbt/OneDrive/Desktop/LoRaWAN_End_Node_2/LoRaWAN/App/lora_app.c:432:6:HAL_GPIO_EXTI_Callback	8	static
