C:/Users/dumbt/OneDrive/Desktop/LoRaWAN_End_Node_2/LoRaWAN/App/lora_app.c:958:13:OnTxFrameCtrlChanged	0	static
C:/Users/dumbt/OneDrive/Desktop/LoRaWAN_End_Node_2/LoRaWAN/App/lora_app.c:969:13:OnPingSlotPeriodicityChanged	0	static
C:/Users/dumbt/OneDrive/Desktop/LoRaWAN_End_Node_2/LoRaWAN/App/lora_app.c:882:13:OnBeaconStatusChange	72	static
C:/Users/dumbt/OneDrive/Desktop/LoRaWAN_End_Node_2/LoRaWAN/App/lora_app.c:917:13:OnClassChange	16	static
C:/Users/dumbt/OneDrive/Desktop/LoRaWAN_End_Node_2/LoRaWAN/App/lora_app.c:1069:13:OnNvmDataChange	8	static
C:/Users/dumbt/OneDrive/Desktop/LoRaWAN_End_Node_2/LoRaWAN/App/lora_app.c:793:13:OnTxTimerEvent	8	static
C:/Users/dumbt/OneDrive/Desktop/LoRaWAN_End_Node_2/LoRaWAN/App/lora_app.c:924:13:OnMacProcessNotify	8	static
C:/Users/dumbt/OneDrive/Desktop/LoRaWAN_End_Node_2/LoRaWAN/App/lora_app.c:980:13:OnSystemReset	8	static,ignoring_inline_asm
C:/Users/dumbt/OneDrive/Desktop/LoRaWAN_End_Node_2/LoRaWAN/App/lora_app.c:936:13:OnTxPeriodicityChanged	8	static
C:/Users/dumbt/OneDrive/Desktop/LoRaWAN_End_Node_2/LoRaWAN/App/lora_app.c:825:13:OnTxData	24	static
C:/Users/dumbt/OneDrive/Desktop/LoRaWAN_End_Node_2/LoRaWAN/App/lora_app.c:854:13:OnJoinRequest	8	static
C:/Users/dumbt/OneDrive/Desktop/LoRaWAN_End_Node_2/LoRaWAN/App/lora_app.c:1031:13:OnStopJoinTimerEvent	8	static
C:/Users/dumbt/OneDrive/Desktop/LoRaWAN_End_Node_2/LoRaWAN/App/lora_app.c:813:13:OnRxTimerLedEvent	8	static
C:/Users/dumbt/OneDrive/Desktop/LoRaWAN_End_Node_2/LoRaWAN/App/lora_app.c:808:13:OnTxTimerLedEvent	8	static
C:/Users/dumbt/OneDrive/Desktop/LoRaWAN_End_Node_2/LoRaWAN/App/lora_app.c:514:13:OnRxData	40	static
C:/Users/dumbt/OneDrive/Desktop/LoRaWAN_End_Node_2/LoRaWAN/App/lora_app.c:1087:13:OnStoreContextRequest	16	static
C:/Users/dumbt/OneDrive/Desktop/LoRaWAN_End_Node_2/LoRaWAN/App/lora_app.c:1106:13:OnRestoreContextRequest	8	static
C:/Users/dumbt/OneDrive/Desktop/LoRaWAN_End_Node_2/LoRaWAN/App/lora_app.c:994:13:StopJoin	16	static
C:/Users/dumbt/OneDrive/Desktop/LoRaWAN_End_Node_2/LoRaWAN/App/lora_app.c:1047:13:StoreContext	8	static
C:/Users/dumbt/OneDrive/Desktop/LoRaWAN_End_Node_2/LoRaWAN/App/lora_app.c:593:13:SendTxData	88	static
C:/Users/dumbt/OneDrive/Desktop/LoRaWAN_End_Node_2/LoRaWAN/App/lora_app.c:818:13:OnJoinTimerLedEvent	8	static
C:/Users/dumbt/OneDrive/Desktop/LoRaWAN_End_Node_2/LoRaWAN/App/lora_app.c:368:6:LoRaWAN_Init	48	static
C:/Users/dumbt/OneDrive/Desktop/LoRaWAN_End_Node_2/LoRaWAN/App/lora_app.c:496:5:getRainfall	0	static
C:/Users/dumbt/OneDrive/Desktop/LoRaWAN_End_Node_2/LoRaWAN/App/lora_app.c:505:6:getWindSpeed	0	static
C:/Users/dumbt/OneDrive/Desktop/LoRaWAN_End_Node_2/LoRaWAN/App/lora_app.c:458:6:HAL_GPIO_EXTI_Callback	8	static
