C:/Users/dumbt/OneDrive/Desktop/LoRaWAN_End_Node_2/LoRaWAN/App/lora_app.c:959:13:OnTxFrameCtrlChanged	0	static
C:/Users/dumbt/OneDrive/Desktop/LoRaWAN_End_Node_2/LoRaWAN/App/lora_app.c:970:13:OnPingSlotPeriodicityChanged	0	static
C:/Users/dumbt/OneDrive/Desktop/LoRaWAN_End_Node_2/LoRaWAN/App/lora_app.c:883:13:OnBeaconStatusChange	72	static
C:/Users/dumbt/OneDrive/Desktop/LoRaWAN_End_Node_2/LoRaWAN/App/lora_app.c:918:13:OnClassChange	16	static
C:/Users/dumbt/OneDrive/Desktop/LoRaWAN_End_Node_2/LoRaWAN/App/lora_app.c:1070:13:OnNvmDataChange	8	static
C:/Users/dumbt/OneDrive/Desktop/LoRaWAN_End_Node_2/LoRaWAN/App/lora_app.c:794:13:OnTxTimerEvent	8	static
C:/Users/dumbt/OneDrive/Desktop/LoRaWAN_End_Node_2/LoRaWAN/App/lora_app.c:925:13:OnMacProcessNotify	8	static
C:/Users/dumbt/OneDrive/Desktop/LoRaWAN_End_Node_2/LoRaWAN/App/lora_app.c:981:13:OnSystemReset	8	static,ignoring_inline_asm
C:/Users/dumbt/OneDrive/Desktop/LoRaWAN_End_Node_2/LoRaWAN/App/lora_app.c:937:13:OnTxPeriodicityChanged	8	static
C:/Users/dumbt/OneDrive/Desktop/LoRaWAN_End_Node_2/LoRaWAN/App/lora_app.c:826:13:OnTxData	24	static
C:/Users/dumbt/OneDrive/Desktop/LoRaWAN_End_Node_2/LoRaWAN/App/lora_app.c:855:13:OnJoinRequest	8	static
C:/Users/dumbt/OneDrive/Desktop/LoRaWAN_End_Node_2/LoRaWAN/App/lora_app.c:1032:13:OnStopJoinTimerEvent	8	static
C:/Users/dumbt/OneDrive/Desktop/LoRaWAN_End_Node_2/LoRaWAN/App/lora_app.c:814:13:OnRxTimerLedEvent	8	static
C:/Users/dumbt/OneDrive/Desktop/LoRaWAN_End_Node_2/LoRaWAN/App/lora_app.c:809:13:OnTxTimerLedEvent	8	static
C:/Users/dumbt/OneDrive/Desktop/LoRaWAN_End_Node_2/LoRaWAN/App/lora_app.c:514:13:OnRxData	40	static
C:/Users/dumbt/OneDrive/Desktop/LoRaWAN_End_Node_2/LoRaWAN/App/lora_app.c:1088:13:OnStoreContextRequest	16	static
C:/Users/dumbt/OneDrive/Desktop/LoRaWAN_End_Node_2/LoRaWAN/App/lora_app.c:1107:13:OnRestoreContextRequest	8	static
C:/Users/dumbt/OneDrive/Desktop/LoRaWAN_End_Node_2/LoRaWAN/App/lora_app.c:995:13:StopJoin	16	static
C:/Users/dumbt/OneDrive/Desktop/LoRaWAN_End_Node_2/LoRaWAN/App/lora_app.c:1048:13:StoreContext	8	static
C:/Users/dumbt/OneDrive/Desktop/LoRaWAN_End_Node_2/LoRaWAN/App/lora_app.c:593:13:SendTxData	88	static
C:/Users/dumbt/OneDrive/Desktop/LoRaWAN_End_Node_2/LoRaWAN/App/lora_app.c:819:13:OnJoinTimerLedEvent	8	static
C:/Users/dumbt/OneDrive/Desktop/LoRaWAN_End_Node_2/LoRaWAN/App/lora_app.c:368:6:LoRaWAN_Init	48	static
C:/Users/dumbt/OneDrive/Desktop/LoRaWAN_End_Node_2/LoRaWAN/App/lora_app.c:496:5:getRainfall	0	static
C:/Users/dumbt/OneDrive/Desktop/LoRaWAN_End_Node_2/LoRaWAN/App/lora_app.c:505:6:getWindSpeed	0	static
C:/Users/dumbt/OneDrive/Desktop/LoRaWAN_End_Node_2/LoRaWAN/App/lora_app.c:458:6:HAL_GPIO_EXTI_Callback	8	static
