C:/Users/dumbt/OneDrive/Desktop/LoRaWAN_End_Node_2/LoRaWAN/App/lora_app.c:953:13:OnTxFrameCtrlChanged	0	static
C:/Users/dumbt/OneDrive/Desktop/LoRaWAN_End_Node_2/LoRaWAN/App/lora_app.c:964:13:OnPingSlotPeriodicityChanged	0	static
C:/Users/dumbt/OneDrive/Desktop/LoRaWAN_End_Node_2/LoRaWAN/App/lora_app.c:877:13:OnBeaconStatusChange	72	static
C:/Users/dumbt/OneDrive/Desktop/LoRaWAN_End_Node_2/LoRaWAN/App/lora_app.c:912:13:OnClassChange	16	static
C:/Users/dumbt/OneDrive/Desktop/LoRaWAN_End_Node_2/LoRaWAN/App/lora_app.c:1064:13:OnNvmDataChange	8	static
C:/Users/dumbt/OneDrive/Desktop/LoRaWAN_End_Node_2/LoRaWAN/App/lora_app.c:788:13:OnTxTimerEvent	8	static
C:/Users/dumbt/OneDrive/Desktop/LoRaWAN_End_Node_2/LoRaWAN/App/lora_app.c:919:13:OnMacProcessNotify	8	static
C:/Users/dumbt/OneDrive/Desktop/LoRaWAN_End_Node_2/LoRaWAN/App/lora_app.c:975:13:OnSystemReset	8	static,ignoring_inline_asm
C:/Users/dumbt/OneDrive/Desktop/LoRaWAN_End_Node_2/LoRaWAN/App/lora_app.c:931:13:OnTxPeriodicityChanged	8	static
C:/Users/dumbt/OneDrive/Desktop/LoRaWAN_End_Node_2/LoRaWAN/App/lora_app.c:820:13:OnTxData	24	static
C:/Users/dumbt/OneDrive/Desktop/LoRaWAN_End_Node_2/LoRaWAN/App/lora_app.c:849:13:OnJoinRequest	8	static
C:/Users/dumbt/OneDrive/Desktop/LoRaWAN_End_Node_2/LoRaWAN/App/lora_app.c:1026:13:OnStopJoinTimerEvent	8	static
C:/Users/dumbt/OneDrive/Desktop/LoRaWAN_End_Node_2/LoRaWAN/App/lora_app.c:808:13:OnRxTimerLedEvent	8	static
C:/Users/dumbt/OneDrive/Desktop/LoRaWAN_End_Node_2/LoRaWAN/App/lora_app.c:803:13:OnTxTimerLedEvent	8	static
C:/Users/dumbt/OneDrive/Desktop/LoRaWAN_End_Node_2/LoRaWAN/App/lora_app.c:534:13:OnRxData	40	static
C:/Users/dumbt/OneDrive/Desktop/LoRaWAN_End_Node_2/LoRaWAN/App/lora_app.c:1082:13:OnStoreContextRequest	16	static
C:/Users/dumbt/OneDrive/Desktop/LoRaWAN_End_Node_2/LoRaWAN/App/lora_app.c:1101:13:OnRestoreContextRequest	8	static
C:/Users/dumbt/OneDrive/Desktop/LoRaWAN_End_Node_2/LoRaWAN/App/lora_app.c:989:13:StopJoin	16	static
C:/Users/dumbt/OneDrive/Desktop/LoRaWAN_End_Node_2/LoRaWAN/App/lora_app.c:1042:13:StoreContext	8	static
C:/Users/dumbt/OneDrive/Desktop/LoRaWAN_End_Node_2/LoRaWAN/App/lora_app.c:613:13:SendTxData	64	static
C:/Users/dumbt/OneDrive/Desktop/LoRaWAN_End_Node_2/LoRaWAN/App/lora_app.c:813:13:OnJoinTimerLedEvent	8	static
C:/Users/dumbt/OneDrive/Desktop/LoRaWAN_End_Node_2/LoRaWAN/App/lora_app.c:367:6:LoRaWAN_Init	48	static
C:/Users/dumbt/OneDrive/Desktop/LoRaWAN_End_Node_2/LoRaWAN/App/lora_app.c:495:5:getRainfall	0	static
C:/Users/dumbt/OneDrive/Desktop/LoRaWAN_End_Node_2/LoRaWAN/App/lora_app.c:504:6:getWindSpeed	16	static
C:/Users/dumbt/OneDrive/Desktop/LoRaWAN_End_Node_2/LoRaWAN/App/lora_app.c:457:6:HAL_GPIO_EXTI_Callback	8	static
