C:/Users/dumbt/OneDrive/Desktop/LoRaWAN_End_Node_2/LoRaWAN/App/lora_app.c:982:13:OnTxFrameCtrlChanged	0	static
C:/Users/dumbt/OneDrive/Desktop/LoRaWAN_End_Node_2/LoRaWAN/App/lora_app.c:993:13:OnPingSlotPeriodicityChanged	0	static
C:/Users/dumbt/OneDrive/Desktop/LoRaWAN_End_Node_2/LoRaWAN/App/lora_app.c:906:13:OnBeaconStatusChange	72	static
C:/Users/dumbt/OneDrive/Desktop/LoRaWAN_End_Node_2/LoRaWAN/App/lora_app.c:941:13:OnClassChange	16	static
C:/Users/dumbt/OneDrive/Desktop/LoRaWAN_End_Node_2/LoRaWAN/App/lora_app.c:1093:13:OnNvmDataChange	8	static
C:/Users/dumbt/OneDrive/Desktop/LoRaWAN_End_Node_2/LoRaWAN/App/lora_app.c:817:13:OnTxTimerEvent	8	static
C:/Users/dumbt/OneDrive/Desktop/LoRaWAN_End_Node_2/LoRaWAN/App/lora_app.c:948:13:OnMacProcessNotify	8	static
C:/Users/dumbt/OneDrive/Desktop/LoRaWAN_End_Node_2/LoRaWAN/App/lora_app.c:1004:13:OnSystemReset	8	static,ignoring_inline_asm
C:/Users/dumbt/OneDrive/Desktop/LoRaWAN_End_Node_2/LoRaWAN/App/lora_app.c:960:13:OnTxPeriodicityChanged	8	static
C:/Users/dumbt/OneDrive/Desktop/LoRaWAN_End_Node_2/LoRaWAN/App/lora_app.c:849:13:OnTxData	24	static
C:/Users/dumbt/OneDrive/Desktop/LoRaWAN_End_Node_2/LoRaWAN/App/lora_app.c:878:13:OnJoinRequest	8	static
C:/Users/dumbt/OneDrive/Desktop/LoRaWAN_End_Node_2/LoRaWAN/App/lora_app.c:1055:13:OnStopJoinTimerEvent	8	static
C:/Users/dumbt/OneDrive/Desktop/LoRaWAN_End_Node_2/LoRaWAN/App/lora_app.c:837:13:OnRxTimerLedEvent	8	static
C:/Users/dumbt/OneDrive/Desktop/LoRaWAN_End_Node_2/LoRaWAN/App/lora_app.c:832:13:OnTxTimerLedEvent	8	static
C:/Users/dumbt/OneDrive/Desktop/LoRaWAN_End_Node_2/LoRaWAN/App/lora_app.c:517:13:OnRxData	40	static
C:/Users/dumbt/OneDrive/Desktop/LoRaWAN_End_Node_2/LoRaWAN/App/lora_app.c:1111:13:OnStoreContextRequest	16	static
C:/Users/dumbt/OneDrive/Desktop/LoRaWAN_End_Node_2/LoRaWAN/App/lora_app.c:1130:13:OnRestoreContextRequest	8	static
C:/Users/dumbt/OneDrive/Desktop/LoRaWAN_End_Node_2/LoRaWAN/App/lora_app.c:1018:13:StopJoin	16	static
C:/Users/dumbt/OneDrive/Desktop/LoRaWAN_End_Node_2/LoRaWAN/App/lora_app.c:1071:13:StoreContext	8	static
C:/Users/dumbt/OneDrive/Desktop/LoRaWAN_End_Node_2/LoRaWAN/App/lora_app.c:596:13:SendTxData	88	static
C:/Users/dumbt/OneDrive/Desktop/LoRaWAN_End_Node_2/LoRaWAN/App/lora_app.c:842:13:OnJoinTimerLedEvent	8	static
C:/Users/dumbt/OneDrive/Desktop/LoRaWAN_End_Node_2/LoRaWAN/App/lora_app.c:371:6:LoRaWAN_Init	48	static
C:/Users/dumbt/OneDrive/Desktop/LoRaWAN_End_Node_2/LoRaWAN/App/lora_app.c:499:5:getRainfall	0	static
C:/Users/dumbt/OneDrive/Desktop/LoRaWAN_End_Node_2/LoRaWAN/App/lora_app.c:508:6:getWindSpeed	0	static
C:/Users/dumbt/OneDrive/Desktop/LoRaWAN_End_Node_2/LoRaWAN/App/lora_app.c:461:6:HAL_GPIO_EXTI_Callback	8	static
