C:/Users/dumbt/OneDrive/Desktop/LoRaWAN_End_Node_2/Core/Src/sys_sensors.c:349:8:bme680I2cRead	32	static
C:/Users/dumbt/OneDrive/Desktop/LoRaWAN_End_Node_2/Core/Src/sys_sensors.c:368:8:bme680I2cWrite	40	static
C:/Users/dumbt/OneDrive/Desktop/LoRaWAN_End_Node_2/Core/Src/sys_sensors.c:389:5:bme680Init	24	static
C:/Users/dumbt/OneDrive/Desktop/LoRaWAN_End_Node_2/Core/Src/sys_sensors.c:210:9:EnvSensors_Init	288	static
C:/Users/dumbt/OneDrive/Desktop/LoRaWAN_End_Node_2/Core/Src/sys_sensors.c:443:6:bme680TakeSample	8	static
C:/Users/dumbt/OneDrive/Desktop/LoRaWAN_End_Node_2/Core/Src/sys_sensors.c:466:6:getWindDir	80	static
C:/Users/dumbt/OneDrive/Desktop/LoRaWAN_End_Node_2/Core/Src/sys_sensors.c:162:9:EnvSensors_Read	136	static
