C:/Users/dumbt/OneDrive/Desktop/LoRaWAN_End_Node_2/Core/Src/sys_sensors.c:348:8:bme680I2cRead	32	static
C:/Users/dumbt/OneDrive/Desktop/LoRaWAN_End_Node_2/Core/Src/sys_sensors.c:367:8:bme680I2cWrite	40	static
C:/Users/dumbt/OneDrive/Desktop/LoRaWAN_End_Node_2/Core/Src/sys_sensors.c:388:5:bme680Init	24	static
C:/Users/dumbt/OneDrive/Desktop/LoRaWAN_End_Node_2/Core/Src/sys_sensors.c:204:9:EnvSensors_Init	288	static
C:/Users/dumbt/OneDrive/Desktop/LoRaWAN_End_Node_2/Core/Src/sys_sensors.c:442:6:bme680TakeSample	8	static
C:/Users/dumbt/OneDrive/Desktop/LoRaWAN_End_Node_2/Core/Src/sys_sensors.c:162:9:EnvSensors_Read	136	static
C:/Users/dumbt/OneDrive/Desktop/LoRaWAN_End_Node_2/Core/Src/sys_sensors.c:465:6:getWindDir	64	static
