../../Drivers/STM32WLxx_HAL_Driver/Inc/stm32wlxx_ll_bus.h:346:22:LL_AHB1_GRP1_ForceReset	16	static
../../Drivers/STM32WLxx_HAL_Driver/Inc/stm32wlxx_ll_bus.h:365:22:LL_AHB1_GRP1_ReleaseReset	16	static
../../Drivers/STM32WLxx_HAL_Driver/Inc/stm32wlxx_ll_bus.h:508:22:LL_AHB2_GRP1_ForceReset	16	static
../../Drivers/STM32WLxx_HAL_Driver/Inc/stm32wlxx_ll_bus.h:527:22:LL_AHB2_GRP1_ReleaseReset	16	static
../../Drivers/STM32WLxx_HAL_Driver/Inc/stm32wlxx_ll_bus.h:763:22:LL_AHB3_GRP1_ForceReset	16	static
../../Drivers/STM32WLxx_HAL_Driver/Inc/stm32wlxx_ll_bus.h:806:22:LL_AHB3_GRP1_ReleaseReset	16	static
../../Drivers/STM32WLxx_HAL_Driver/Inc/stm32wlxx_ll_bus.h:1062:22:LL_APB1_GRP1_ForceReset	16	static
../../Drivers/STM32WLxx_HAL_Driver/Inc/stm32wlxx_ll_bus.h:1079:22:LL_APB1_GRP2_ForceReset	16	static
../../Drivers/STM32WLxx_HAL_Driver/Inc/stm32wlxx_ll_bus.h:1107:22:LL_APB1_GRP1_ReleaseReset	16	static
../../Drivers/STM32WLxx_HAL_Driver/Inc/stm32wlxx_ll_bus.h:1124:22:LL_APB1_GRP2_ReleaseReset	16	static
../../Drivers/STM32WLxx_HAL_Driver/Inc/stm32wlxx_ll_bus.h:1374:22:LL_APB2_GRP1_ForceReset	16	static
../../Drivers/STM32WLxx_HAL_Driver/Inc/stm32wlxx_ll_bus.h:1397:22:LL_APB2_GRP1_ReleaseReset	16	static
../../Drivers/STM32WLxx_HAL_Driver/Inc/stm32wlxx_ll_bus.h:1529:22:LL_APB3_GRP1_ForceReset	16	static
../../Drivers/STM32WLxx_HAL_Driver/Inc/stm32wlxx_ll_bus.h:1541:22:LL_APB3_GRP1_ReleaseReset	16	static
../../Drivers/STM32WLxx_HAL_Driver/Inc/stm32wlxx_ll_system.h:460:22:LL_SYSCFG_EnableAnalogBooster	8	static
../../Drivers/STM32WLxx_HAL_Driver/Inc/stm32wlxx_ll_system.h:479:22:LL_SYSCFG_DisableAnalogBooster	8	static
../../Drivers/STM32WLxx_HAL_Driver/Inc/stm32wlxx_ll_system.h:604:22:LL_SYSCFG_EnableSRAM2Erase	8	static
../../Drivers/STM32WLxx_HAL_Driver/Inc/stm32wlxx_ll_system.h:747:22:LL_SYSCFG_UnlockSRAM2WRP	8	static
../../Drivers/STM32WLxx_HAL_Driver/Inc/stm32wlxx_ll_system.h:919:22:LL_C2_SYSCFG_GRP1_EnableIT	16	static
../../Drivers/STM32WLxx_HAL_Driver/Inc/stm32wlxx_ll_system.h:951:22:LL_C2_SYSCFG_GRP2_EnableIT	16	static
../../Drivers/STM32WLxx_HAL_Driver/Inc/stm32wlxx_ll_system.h:999:22:LL_C2_SYSCFG_GRP1_DisableIT	16	static
../../Drivers/STM32WLxx_HAL_Driver/Inc/stm32wlxx_ll_system.h:1031:22:LL_C2_SYSCFG_GRP2_DisableIT	16	static
../../Drivers/STM32WLxx_HAL_Driver/Inc/stm32wlxx_ll_system.h:1450:22:LL_VREFBUF_Enable	8	static
../../Drivers/STM32WLxx_HAL_Driver/Inc/stm32wlxx_ll_system.h:1460:22:LL_VREFBUF_Disable	8	static
../../Drivers/STM32WLxx_HAL_Driver/Inc/stm32wlxx_ll_system.h:1493:22:LL_VREFBUF_SetVoltageScaling	16	static
../../Drivers/STM32WLxx_HAL_Driver/Inc/stm32wlxx_ll_system.h:1559:22:LL_VREFBUF_SetTrimming	16	static
C:/Users/dumbt/STM32CubeIDE/workspace_1.9.0/Weather-Station/Drivers/STM32WLxx_HAL_Driver/Src/stm32wlxx_hal.c:141:19:HAL_Init	16	static
C:/Users/dumbt/STM32CubeIDE/workspace_1.9.0/Weather-Station/Drivers/STM32WLxx_HAL_Driver/Src/stm32wlxx_hal.c:197:19:HAL_DeInit	8	static
C:/Users/dumbt/STM32CubeIDE/workspace_1.9.0/Weather-Station/Drivers/STM32WLxx_HAL_Driver/Src/stm32wlxx_hal.c:229:13:HAL_MspInit	8	static
C:/Users/dumbt/STM32CubeIDE/workspace_1.9.0/Weather-Station/Drivers/STM32WLxx_HAL_Driver/Src/stm32wlxx_hal.c:240:13:HAL_MspDeInit	8	static
C:/Users/dumbt/STM32CubeIDE/workspace_1.9.0/Weather-Station/Drivers/STM32WLxx_HAL_Driver/Src/stm32wlxx_hal.c:263:26:HAL_InitTick	32	static
C:/Users/dumbt/STM32CubeIDE/workspace_1.9.0/Weather-Station/Drivers/STM32WLxx_HAL_Driver/Src/stm32wlxx_hal.c:336:13:HAL_IncTick	8	static
C:/Users/dumbt/STM32CubeIDE/workspace_1.9.0/Weather-Station/Drivers/STM32WLxx_HAL_Driver/Src/stm32wlxx_hal.c:347:17:HAL_GetTick	8	static
C:/Users/dumbt/STM32CubeIDE/workspace_1.9.0/Weather-Station/Drivers/STM32WLxx_HAL_Driver/Src/stm32wlxx_hal.c:356:10:HAL_GetTickPrio	8	static
C:/Users/dumbt/STM32CubeIDE/workspace_1.9.0/Weather-Station/Drivers/STM32WLxx_HAL_Driver/Src/stm32wlxx_hal.c:365:19:HAL_SetTickFreq	40	static
C:/Users/dumbt/STM32CubeIDE/workspace_1.9.0/Weather-Station/Drivers/STM32WLxx_HAL_Driver/Src/stm32wlxx_hal.c:396:21:HAL_GetTickFreq	8	static
C:/Users/dumbt/STM32CubeIDE/workspace_1.9.0/Weather-Station/Drivers/STM32WLxx_HAL_Driver/Src/stm32wlxx_hal.c:412:13:HAL_Delay	24	static
C:/Users/dumbt/STM32CubeIDE/workspace_1.9.0/Weather-Station/Drivers/STM32WLxx_HAL_Driver/Src/stm32wlxx_hal.c:439:13:HAL_SuspendTick	8	static
C:/Users/dumbt/STM32CubeIDE/workspace_1.9.0/Weather-Station/Drivers/STM32WLxx_HAL_Driver/Src/stm32wlxx_hal.c:455:13:HAL_ResumeTick	8	static
C:/Users/dumbt/STM32CubeIDE/workspace_1.9.0/Weather-Station/Drivers/STM32WLxx_HAL_Driver/Src/stm32wlxx_hal.c:465:10:HAL_GetHalVersion	8	static
C:/Users/dumbt/STM32CubeIDE/workspace_1.9.0/Weather-Station/Drivers/STM32WLxx_HAL_Driver/Src/stm32wlxx_hal.c:495:10:HAL_GetUIDw0	8	static
C:/Users/dumbt/STM32CubeIDE/workspace_1.9.0/Weather-Station/Drivers/STM32WLxx_HAL_Driver/Src/stm32wlxx_hal.c:504:10:HAL_GetUIDw1	8	static
C:/Users/dumbt/STM32CubeIDE/workspace_1.9.0/Weather-Station/Drivers/STM32WLxx_HAL_Driver/Src/stm32wlxx_hal.c:513:10:HAL_GetUIDw2	8	static
C:/Users/dumbt/STM32CubeIDE/workspace_1.9.0/Weather-Station/Drivers/STM32WLxx_HAL_Driver/Src/stm32wlxx_hal.c:626:6:HAL_SYSCFG_SRAM2Erase	8	static
C:/Users/dumbt/STM32CubeIDE/workspace_1.9.0/Weather-Station/Drivers/STM32WLxx_HAL_Driver/Src/stm32wlxx_hal.c:646:6:HAL_SYSCFG_VREFBUF_VoltageScalingConfig	24	static
C:/Users/dumbt/STM32CubeIDE/workspace_1.9.0/Weather-Station/Drivers/STM32WLxx_HAL_Driver/Src/stm32wlxx_hal.c:677:6:HAL_SYSCFG_VREFBUF_HighImpedanceConfig	16	static
C:/Users/dumbt/STM32CubeIDE/workspace_1.9.0/Weather-Station/Drivers/STM32WLxx_HAL_Driver/Src/stm32wlxx_hal.c:698:6:HAL_SYSCFG_VREFBUF_TrimmingConfig	16	static
C:/Users/dumbt/STM32CubeIDE/workspace_1.9.0/Weather-Station/Drivers/STM32WLxx_HAL_Driver/Src/stm32wlxx_hal.c:711:19:HAL_SYSCFG_EnableVREFBUF	16	static
C:/Users/dumbt/STM32CubeIDE/workspace_1.9.0/Weather-Station/Drivers/STM32WLxx_HAL_Driver/Src/stm32wlxx_hal.c:737:6:HAL_SYSCFG_DisableVREFBUF	8	static
C:/Users/dumbt/STM32CubeIDE/workspace_1.9.0/Weather-Station/Drivers/STM32WLxx_HAL_Driver/Src/stm32wlxx_hal.c:747:6:HAL_SYSCFG_EnableIOAnalogSwitchBooster	8	static
C:/Users/dumbt/STM32CubeIDE/workspace_1.9.0/Weather-Station/Drivers/STM32WLxx_HAL_Driver/Src/stm32wlxx_hal.c:757:6:HAL_SYSCFG_DisableIOAnalogSwitchBooster	8	static
C:/Users/dumbt/STM32CubeIDE/workspace_1.9.0/Weather-Station/Drivers/STM32WLxx_HAL_Driver/Src/stm32wlxx_hal.c:771:6:HAL_SYSCFG_EnableIT	24	static
C:/Users/dumbt/STM32CubeIDE/workspace_1.9.0/Weather-Station/Drivers/STM32WLxx_HAL_Driver/Src/stm32wlxx_hal.c:797:6:HAL_SYSCFG_DisableIT	24	static
