../../Drivers/STM32WLxx_HAL_Driver/Inc/stm32wlxx_ll_exti.h:310:22:LL_C2_EXTI_EnableIT_0_31	16	static
../../Drivers/STM32WLxx_HAL_Driver/Inc/stm32wlxx_ll_exti.h:452:22:LL_C2_EXTI_DisableIT_0_31	16	static
../../Drivers/STM32WLxx_HAL_Driver/Inc/stm32wlxx_ll_exti.h:989:22:LL_EXTI_EnableRisingTrig_0_31	16	static
../../Drivers/STM32WLxx_HAL_Driver/Inc/stm32wlxx_ll_exti.h:1049:22:LL_EXTI_DisableRisingTrig_0_31	16	static
../../Drivers/STM32WLxx_HAL_Driver/Inc/stm32wlxx_ll_exti.h:1164:22:LL_EXTI_EnableFallingTrig_0_31	16	static
../../Drivers/STM32WLxx_HAL_Driver/Inc/stm32wlxx_ll_exti.h:1223:22:LL_EXTI_DisableFallingTrig_0_31	16	static
C:/Users/dumbt/STM32CubeIDE/workspace_1.9.0/Weather-Station/Drivers/STM32WLxx_HAL_Driver/Src/stm32wlxx_hal_pwr.c:90:6:HAL_PWR_DeInit	8	static
C:/Users/dumbt/STM32CubeIDE/workspace_1.9.0/Weather-Station/Drivers/STM32WLxx_HAL_Driver/Src/stm32wlxx_hal_pwr.c:145:6:HAL_PWR_EnableBkUpAccess	8	static
C:/Users/dumbt/STM32CubeIDE/workspace_1.9.0/Weather-Station/Drivers/STM32WLxx_HAL_Driver/Src/stm32wlxx_hal_pwr.c:155:6:HAL_PWR_DisableBkUpAccess	8	static
C:/Users/dumbt/STM32CubeIDE/workspace_1.9.0/Weather-Station/Drivers/STM32WLxx_HAL_Driver/Src/stm32wlxx_hal_pwr.c:344:19:HAL_PWR_ConfigPVD	16	static
C:/Users/dumbt/STM32CubeIDE/workspace_1.9.0/Weather-Station/Drivers/STM32WLxx_HAL_Driver/Src/stm32wlxx_hal_pwr.c:385:6:HAL_PWR_EnablePVD	8	static
C:/Users/dumbt/STM32CubeIDE/workspace_1.9.0/Weather-Station/Drivers/STM32WLxx_HAL_Driver/Src/stm32wlxx_hal_pwr.c:395:6:HAL_PWR_DisablePVD	8	static
C:/Users/dumbt/STM32CubeIDE/workspace_1.9.0/Weather-Station/Drivers/STM32WLxx_HAL_Driver/Src/stm32wlxx_hal_pwr.c:417:6:HAL_PWR_EnableWakeUpPin	16	static
C:/Users/dumbt/STM32CubeIDE/workspace_1.9.0/Weather-Station/Drivers/STM32WLxx_HAL_Driver/Src/stm32wlxx_hal_pwr.c:442:6:HAL_PWR_DisableWakeUpPin	16	static
C:/Users/dumbt/STM32CubeIDE/workspace_1.9.0/Weather-Station/Drivers/STM32WLxx_HAL_Driver/Src/stm32wlxx_hal_pwr.c:475:6:HAL_PWR_EnterSLEEPMode	16	static,ignoring_inline_asm
C:/Users/dumbt/STM32CubeIDE/workspace_1.9.0/Weather-Station/Drivers/STM32WLxx_HAL_Driver/Src/stm32wlxx_hal_pwr.c:558:6:HAL_PWR_EnterSTOPMode	16	static
C:/Users/dumbt/STM32CubeIDE/workspace_1.9.0/Weather-Station/Drivers/STM32WLxx_HAL_Driver/Src/stm32wlxx_hal_pwr.c:593:6:HAL_PWR_EnterSTANDBYMode	8	static,ignoring_inline_asm
C:/Users/dumbt/STM32CubeIDE/workspace_1.9.0/Weather-Station/Drivers/STM32WLxx_HAL_Driver/Src/stm32wlxx_hal_pwr.c:631:6:HAL_PWR_EnableSleepOnExit	8	static
C:/Users/dumbt/STM32CubeIDE/workspace_1.9.0/Weather-Station/Drivers/STM32WLxx_HAL_Driver/Src/stm32wlxx_hal_pwr.c:643:6:HAL_PWR_DisableSleepOnExit	8	static
C:/Users/dumbt/STM32CubeIDE/workspace_1.9.0/Weather-Station/Drivers/STM32WLxx_HAL_Driver/Src/stm32wlxx_hal_pwr.c:655:6:HAL_PWR_EnableSEVOnPend	8	static
C:/Users/dumbt/STM32CubeIDE/workspace_1.9.0/Weather-Station/Drivers/STM32WLxx_HAL_Driver/Src/stm32wlxx_hal_pwr.c:667:6:HAL_PWR_DisableSEVOnPend	8	static
C:/Users/dumbt/STM32CubeIDE/workspace_1.9.0/Weather-Station/Drivers/STM32WLxx_HAL_Driver/Src/stm32wlxx_hal_pwr.c:677:13:HAL_PWR_PVDCallback	8	static
