../../Drivers/CMSIS/Include/core_cm0plus.h:741:22:__NVIC_EnableIRQ	16	static,ignoring_inline_asm
../../Drivers/CMSIS/Include/core_cm0plus.h:779:22:__NVIC_DisableIRQ	16	static,ignoring_inline_asm
../../Drivers/CMSIS/Include/core_cm0plus.h:798:26:__NVIC_GetPendingIRQ	16	static
../../Drivers/CMSIS/Include/core_cm0plus.h:817:22:__NVIC_SetPendingIRQ	16	static
../../Drivers/CMSIS/Include/core_cm0plus.h:832:22:__NVIC_ClearPendingIRQ	16	static
../../Drivers/CMSIS/Include/core_cm0plus.h:850:22:__NVIC_SetPriority	24	static
../../Drivers/CMSIS/Include/core_cm0plus.h:874:26:__NVIC_GetPriority	16	static
../../Drivers/CMSIS/Include/core_cm0plus.h:985:34:__NVIC_SystemReset	8	static,ignoring_inline_asm
../../Drivers/CMSIS/Include/core_cm0plus.h:1056:26:SysTick_Config	16	static
C:/Users/dumbt/STM32CubeIDE/workspace_1.9.0/Weather-Station/Drivers/STM32WLxx_HAL_Driver/Src/stm32wlxx_hal_cortex.c:158:6:HAL_NVIC_SetPriority	24	static
C:/Users/dumbt/STM32CubeIDE/workspace_1.9.0/Weather-Station/Drivers/STM32WLxx_HAL_Driver/Src/stm32wlxx_hal_cortex.c:231:6:HAL_NVIC_EnableIRQ	16	static
C:/Users/dumbt/STM32CubeIDE/workspace_1.9.0/Weather-Station/Drivers/STM32WLxx_HAL_Driver/Src/stm32wlxx_hal_cortex.c:248:6:HAL_NVIC_DisableIRQ	16	static
C:/Users/dumbt/STM32CubeIDE/workspace_1.9.0/Weather-Station/Drivers/STM32WLxx_HAL_Driver/Src/stm32wlxx_hal_cortex.c:261:6:HAL_NVIC_SystemReset	8	static
C:/Users/dumbt/STM32CubeIDE/workspace_1.9.0/Weather-Station/Drivers/STM32WLxx_HAL_Driver/Src/stm32wlxx_hal_cortex.c:274:10:HAL_SYSTICK_Config	16	static
C:/Users/dumbt/STM32CubeIDE/workspace_1.9.0/Weather-Station/Drivers/STM32WLxx_HAL_Driver/Src/stm32wlxx_hal_cortex.c:307:10:HAL_NVIC_GetPriority	16	static
C:/Users/dumbt/STM32CubeIDE/workspace_1.9.0/Weather-Station/Drivers/STM32WLxx_HAL_Driver/Src/stm32wlxx_hal_cortex.c:379:6:HAL_NVIC_SetPendingIRQ	16	static
C:/Users/dumbt/STM32CubeIDE/workspace_1.9.0/Weather-Station/Drivers/STM32WLxx_HAL_Driver/Src/stm32wlxx_hal_cortex.c:398:10:HAL_NVIC_GetPendingIRQ	16	static
C:/Users/dumbt/STM32CubeIDE/workspace_1.9.0/Weather-Station/Drivers/STM32WLxx_HAL_Driver/Src/stm32wlxx_hal_cortex.c:415:6:HAL_NVIC_ClearPendingIRQ	16	static
C:/Users/dumbt/STM32CubeIDE/workspace_1.9.0/Weather-Station/Drivers/STM32WLxx_HAL_Driver/Src/stm32wlxx_hal_cortex.c:432:6:HAL_SYSTICK_CLKSourceConfig	16	static
C:/Users/dumbt/STM32CubeIDE/workspace_1.9.0/Weather-Station/Drivers/STM32WLxx_HAL_Driver/Src/stm32wlxx_hal_cortex.c:450:6:HAL_SYSTICK_IRQHandler	8	static
C:/Users/dumbt/STM32CubeIDE/workspace_1.9.0/Weather-Station/Drivers/STM32WLxx_HAL_Driver/Src/stm32wlxx_hal_cortex.c:459:13:HAL_SYSTICK_Callback	8	static
C:/Users/dumbt/STM32CubeIDE/workspace_1.9.0/Weather-Station/Drivers/STM32WLxx_HAL_Driver/Src/stm32wlxx_hal_cortex.c:479:6:HAL_MPU_Enable	16	static,ignoring_inline_asm
C:/Users/dumbt/STM32CubeIDE/workspace_1.9.0/Weather-Station/Drivers/STM32WLxx_HAL_Driver/Src/stm32wlxx_hal_cortex.c:494:6:HAL_MPU_Disable	8	static,ignoring_inline_asm
C:/Users/dumbt/STM32CubeIDE/workspace_1.9.0/Weather-Station/Drivers/STM32WLxx_HAL_Driver/Src/stm32wlxx_hal_cortex.c:510:6:HAL_MPU_ConfigRegion	16	static
