C:/Middlewares/Third_Party/LoRaWAN/LmHandler/Packages/LmhpCompliance.c:747:13:LmhpComplianceIsInitialized	0	static
C:/Middlewares/Third_Party/LoRaWAN/LmHandler/Packages/LmhpCompliance.c:752:13:LmhpComplianceIsTxPending	0	static
C:/Middlewares/Third_Party/LoRaWAN/LmHandler/Packages/LmhpCompliance.c:1050:13:LmhpComplianceOnMlmeConfirm	0	static
C:/Middlewares/Third_Party/LoRaWAN/LmHandler/Packages/LmhpCompliance.c:1156:13:OnProcessTimer	0	static
C:/Middlewares/Third_Party/LoRaWAN/LmHandler/Packages/LmhpCompliance.c:757:13:LmhpComplianceProcess	24	static
C:/Middlewares/Third_Party/LoRaWAN/LmHandler/Packages/LmhpCompliance.c:724:13:LmhpComplianceInit	24	static
C:/Middlewares/Third_Party/LoRaWAN/LmHandler/Packages/LmhpCompliance.c:810:13:LmhpComplianceOnMcpsIndication	80	static
C:/Middlewares/Third_Party/LoRaWAN/LmHandler/Packages/LmhpCompliance.c:1076:13:LmhpComplianceOnMlmeIndication	0	static
C:/Middlewares/Third_Party/LoRaWAN/LmHandler/Packages/LmhpCompliance.c:719:15:LmhpCompliancePackageFactory	0	static
