C:/Middlewares/Third_Party/LoRaWAN/Mac/LoRaMac.c:919:13:OnRadioRxError	0	static
C:/Middlewares/Third_Party/LoRaWAN/Mac/LoRaMac.c:940:13:UpdateRxSlotIdleState	0	static
C:/Middlewares/Third_Party/LoRaWAN/Mac/LoRaMac.c:2415:16:GetMaxAppPayloadWithoutFOptsLength	24	static
C:/Middlewares/Third_Party/LoRaWAN/Mac/LoRaMac.c:2258:13:OnRetransmitTimeoutTimerEvent	8	static
C:/Middlewares/Third_Party/LoRaWAN/Mac/LoRaMac.c:1031:13:PrepareRxDoneAbort	8	static
C:/Middlewares/Third_Party/LoRaWAN/Mac/LoRaMac.c:1616:13:HandleRadioRxErrorTimeout	24	static
C:/Middlewares/Third_Party/LoRaWAN/Mac/LoRaMac.c:3418:13:OpenContinuousRxCWindow	24	static
C:/Middlewares/Third_Party/LoRaWAN/Mac/LoRaMac.c:929:13:OnRadioRxTimeout	8	static
C:/Middlewares/Third_Party/LoRaWAN/Mac/LoRaMac.c:908:13:OnRadioTxTimeout	8	static
C:/Middlewares/Third_Party/LoRaWAN/Mac/LoRaMac.c:888:13:OnRadioRxDone	24	static
C:/Middlewares/Third_Party/LoRaWAN/Mac/LoRaMac.c:874:13:OnRadioTxDone	24	static
C:/Middlewares/Third_Party/LoRaWAN/Mac/LoRaMac.c:3301:13:ResetMacParameters	88	static
C:/Middlewares/Third_Party/LoRaWAN/Mac/LoRaMac.c:2331:24:SwitchClass	24	static
C:/Middlewares/Third_Party/LoRaWAN/Mac/LoRaMac.c:3147:24:ScheduleTx	96	static
C:/Middlewares/Third_Party/LoRaWAN/Mac/LoRaMac.c:3403:13:RxWindowSetup.constprop	24	static
C:/Middlewares/Third_Party/LoRaWAN/Mac/LoRaMac.c:2146:13:OnRxWindow1TimerEvent	0	static
C:/Middlewares/Third_Party/LoRaWAN/Mac/LoRaMac.c:2161:13:OnRxWindow2TimerEvent	0	static
C:/Middlewares/Third_Party/LoRaWAN/Mac/LoRaMac.c:1976:13:LoRaMacHandleNvm.part.0.constprop	16	static
C:/Middlewares/Third_Party/LoRaWAN/Mac/LoRaMac.c:2463:13:ProcessMacCommands.constprop	104	static
C:/Middlewares/Third_Party/LoRaWAN/Mac/LoRaMac.c:3890:13:StopRetransmission.isra	0	static
C:/Middlewares/Third_Party/LoRaWAN/Mac/LoRaMac.c:2108:13:OnTxDelayedTimerEvent	16	static
C:/Middlewares/Third_Party/LoRaWAN/Mac/LoRaMac.c:1729:6:LoRaMacIsBusy	0	static
C:/Middlewares/Third_Party/LoRaWAN/Mac/LoRaMac.c:2067:6:LoRaMacProcess	200	static,ignoring_inline_asm
C:/Middlewares/Third_Party/LoRaWAN/Mac/LoRaMac.c:3975:17:LoRaMacInitialization	88	static
C:/Middlewares/Third_Party/LoRaWAN/Mac/LoRaMac.c:4196:17:LoRaMacStart	0	static
C:/Middlewares/Third_Party/LoRaWAN/Mac/LoRaMac.c:4202:17:LoRaMacStop	8	static
C:/Middlewares/Third_Party/LoRaWAN/Mac/LoRaMac.c:4216:17:LoRaMacHalt	16	static
C:/Middlewares/Third_Party/LoRaWAN/Mac/LoRaMac.c:4246:17:LoRaMacQueryTxPossible	64	static
C:/Middlewares/Third_Party/LoRaWAN/Mac/LoRaMac.c:4316:17:LoRaMacMibGetRequestConfirm	24	static
C:/Middlewares/Third_Party/LoRaWAN/Mac/LoRaMac.c:4538:17:LoRaMacMibSetRequestConfirm	32	static
C:/Middlewares/Third_Party/LoRaWAN/Mac/LoRaMac.c:5228:17:LoRaMacChannelAdd	32	static
C:/Middlewares/Third_Party/LoRaWAN/Mac/LoRaMac.c:5246:17:LoRaMacChannelRemove	16	static
C:/Middlewares/Third_Party/LoRaWAN/Mac/LoRaMac.c:5267:17:LoRaMacMcChannelSetup	24	static
C:/Middlewares/Third_Party/LoRaWAN/Mac/LoRaMac.c:5316:17:LoRaMacMcChannelDelete	48	static
C:/Middlewares/Third_Party/LoRaWAN/Mac/LoRaMac.c:5338:9:LoRaMacMcChannelGetGroupId	0	static
C:/Middlewares/Third_Party/LoRaWAN/Mac/LoRaMac.c:5350:17:LoRaMacMcChannelSetupRxParams	32	static
C:/Middlewares/Third_Party/LoRaWAN/Mac/LoRaMac.c:5411:17:LoRaMacMlmeRequest	56	static
C:/Middlewares/Third_Party/LoRaWAN/Mac/LoRaMac.c:5618:17:LoRaMacMcpsRequest	144	static
C:/Middlewares/Third_Party/LoRaWAN/Mac/LoRaMac.c:5850:6:LoRaMacTestSetDutyCycleOn	24	static
C:/Middlewares/Third_Party/LoRaWAN/Mac/LoRaMac.c:5862:17:LoRaMacDeInitialization	8	static
