C:/Middlewares/Third_Party/LoRaWAN/Mac/LoRaMacCrypto.c:558:30:DeriveSessionKey10x	24	static
C:/Middlewares/Third_Party/LoRaWAN/Mac/LoRaMacCrypto.c:154:30:PayloadEncrypt	56	static
C:/Middlewares/Third_Party/LoRaWAN/Mac/LoRaMacCrypto.c:1572:23:LoRaMacCryptoDeriveMcKEKey.part.0	24	static
C:/Middlewares/Third_Party/LoRaWAN/Mac/LoRaMacCrypto.c:704:30:GetLastFcntDown.constprop	0	static
C:/Middlewares/Third_Party/LoRaWAN/Mac/LoRaMacCrypto.c:397:30:VerifyCmacB0.constprop.isra	304	static
C:/Middlewares/Third_Party/LoRaWAN/Mac/LoRaMacCrypto.c:843:23:LoRaMacCryptoInit	8	static
C:/Middlewares/Third_Party/LoRaWAN/Mac/LoRaMacCrypto.c:868:23:LoRaMacCryptoSetLrWanVersion	0	static
C:/Middlewares/Third_Party/LoRaWAN/Mac/LoRaMacCrypto.c:874:23:LoRaMacCryptoGetFCntUp	0	static
C:/Middlewares/Third_Party/LoRaWAN/Mac/LoRaMacCrypto.c:940:23:LoRaMacCryptoGetFCntDown	24	static
C:/Middlewares/Third_Party/LoRaWAN/Mac/LoRaMacCrypto.c:1008:23:LoRaMacCryptoSetMulticastReference	0	static
C:/Middlewares/Third_Party/LoRaWAN/Mac/LoRaMacCrypto.c:1044:23:LoRaMacCryptoPrepareJoinRequest	16	static
C:/Middlewares/Third_Party/LoRaWAN/Mac/LoRaMacCrypto.c:1345:23:LoRaMacCryptoSecureMessage	48	static
C:/Middlewares/Third_Party/LoRaWAN/Mac/LoRaMacCrypto.c:1453:23:LoRaMacCryptoUnsecureMessage	40	static
C:/Middlewares/Third_Party/LoRaWAN/Mac/LoRaMacCrypto.c:1551:23:LoRaMacCryptoDeriveMcRootKey	24	static
C:/Middlewares/Third_Party/LoRaWAN/Mac/LoRaMacCrypto.c:1023:23:LoRaMacCryptoSetKey	16	static
C:/Middlewares/Third_Party/LoRaWAN/Mac/LoRaMacCrypto.c:1173:23:LoRaMacCryptoHandleJoinAccept	88	static
C:/Middlewares/Third_Party/LoRaWAN/Mac/LoRaMacCrypto.c:1572:23:LoRaMacCryptoDeriveMcKEKey	0	static
C:/Middlewares/Third_Party/LoRaWAN/Mac/LoRaMacCrypto.c:1589:23:LoRaMacCryptoDeriveMcSessionKeyPair	48	static
