C:/Middlewares/Third_Party/LoRaWAN/Mac/Region/RegionUS915.c:124:20:GetTimeOnAir	32	static
C:/Middlewares/Third_Party/LoRaWAN/Mac/Region/RegionUS915.c:100:13:VerifyRfFreq	8	static
C:/Middlewares/Third_Party/LoRaWAN/Mac/Region/RegionUS915.c:133:12:RegionUS915GetPhyParam	24	static
C:/Middlewares/Third_Party/LoRaWAN/Mac/Region/RegionUS915.c:365:6:RegionUS915SetBandTxDone	24	static
C:/Middlewares/Third_Party/LoRaWAN/Mac/Region/RegionUS915.c:378:6:RegionUS915InitDefaults	48	static
C:/Middlewares/Third_Party/LoRaWAN/Mac/Region/RegionUS915.c:489:6:RegionUS915Verify	8	static
C:/Middlewares/Third_Party/LoRaWAN/Mac/Region/RegionUS915.c:536:6:RegionUS915ApplyCFList	20	static
C:/Middlewares/Third_Party/LoRaWAN/Mac/Region/RegionUS915.c:566:6:RegionUS915ChanMaskSet	16	static
C:/Middlewares/Third_Party/LoRaWAN/Mac/Region/RegionUS915.c:607:6:RegionUS915ComputeRxWindowParameters	32	static
C:/Middlewares/Third_Party/LoRaWAN/Mac/Region/RegionUS915.c:622:6:RegionUS915RxConfig	72	static
C:/Middlewares/Third_Party/LoRaWAN/Mac/Region/RegionUS915.c:673:6:RegionUS915TxConfig	96	static
C:/Middlewares/Third_Party/LoRaWAN/Mac/Region/RegionUS915.c:710:9:RegionUS915LinkAdrReq	112	static
C:/Middlewares/Third_Party/LoRaWAN/Mac/Region/RegionUS915.c:877:9:RegionUS915RxParamSetupReq	16	static
C:/Middlewares/Third_Party/LoRaWAN/Mac/Region/RegionUS915.c:909:8:RegionUS915NewChannelReq	0	static
C:/Middlewares/Third_Party/LoRaWAN/Mac/Region/RegionUS915.c:915:8:RegionUS915TxParamSetupReq	0	static
C:/Middlewares/Third_Party/LoRaWAN/Mac/Region/RegionUS915.c:921:8:RegionUS915DlChannelReq	0	static
C:/Middlewares/Third_Party/LoRaWAN/Mac/Region/RegionUS915.c:927:8:RegionUS915AlternateDr	0	static
C:/Middlewares/Third_Party/LoRaWAN/Mac/Region/RegionUS915.c:956:17:RegionUS915NextChannel	176	static
C:/Middlewares/Third_Party/LoRaWAN/Mac/Region/RegionUS915.c:1062:17:RegionUS915ChannelAdd	0	static
C:/Middlewares/Third_Party/LoRaWAN/Mac/Region/RegionUS915.c:1067:6:RegionUS915ChannelsRemove	0	static
C:/Middlewares/Third_Party/LoRaWAN/Mac/Region/RegionUS915.c:1088:9:RegionUS915ApplyDrOffset	0	static
C:/Middlewares/Third_Party/LoRaWAN/Mac/Region/RegionUS915.c:1103:6:RegionUS915RxBeaconSetup	32	static
